Archive member included to satisfy reference by file (symbol)

C:/ST/STM32CubeIDE_1.16.1/STM32CubeIDE/plugins/com.st.stm32cube.ide.mcu.externaltools.gnu-tools-for-stm32.12.3.rel1.win32_1.0.200.202406191623/tools/bin/../lib/gcc/arm-none-eabi/12.3.1/../../../../arm-none-eabi/lib/thumb/v7e-m+fp/hard\libc_nano.a(libc_a-exit.o)
                              C:/ST/STM32CubeIDE_1.16.1/STM32CubeIDE/plugins/com.st.stm32cube.ide.mcu.externaltools.gnu-tools-for-stm32.12.3.rel1.win32_1.0.200.202406191623/tools/bin/../lib/gcc/arm-none-eabi/12.3.1/../../../../arm-none-eabi/lib/thumb/v7e-m+fp/hard/crt0.o (exit)
C:/ST/STM32CubeIDE_1.16.1/STM32CubeIDE/plugins/com.st.stm32cube.ide.mcu.externaltools.gnu-tools-for-stm32.12.3.rel1.win32_1.0.200.202406191623/tools/bin/../lib/gcc/arm-none-eabi/12.3.1/../../../../arm-none-eabi/lib/thumb/v7e-m+fp/hard\libc_nano.a(libc_a-findfp.o)
                              C:/ST/STM32CubeIDE_1.16.1/STM32CubeIDE/plugins/com.st.stm32cube.ide.mcu.externaltools.gnu-tools-for-stm32.12.3.rel1.win32_1.0.200.202406191623/tools/bin/../lib/gcc/arm-none-eabi/12.3.1/../../../../arm-none-eabi/lib/thumb/v7e-m+fp/hard\libc_nano.a(libc_a-exit.o) (__stdio_exit_handler)
C:/ST/STM32CubeIDE_1.16.1/STM32CubeIDE/plugins/com.st.stm32cube.ide.mcu.externaltools.gnu-tools-for-stm32.12.3.rel1.win32_1.0.200.202406191623/tools/bin/../lib/gcc/arm-none-eabi/12.3.1/../../../../arm-none-eabi/lib/thumb/v7e-m+fp/hard\libc_nano.a(libc_a-fwalk.o)
                              C:/ST/STM32CubeIDE_1.16.1/STM32CubeIDE/plugins/com.st.stm32cube.ide.mcu.externaltools.gnu-tools-for-stm32.12.3.rel1.win32_1.0.200.202406191623/tools/bin/../lib/gcc/arm-none-eabi/12.3.1/../../../../arm-none-eabi/lib/thumb/v7e-m+fp/hard\libc_nano.a(libc_a-findfp.o) (_fwalk_sglue)
C:/ST/STM32CubeIDE_1.16.1/STM32CubeIDE/plugins/com.st.stm32cube.ide.mcu.externaltools.gnu-tools-for-stm32.12.3.rel1.win32_1.0.200.202406191623/tools/bin/../lib/gcc/arm-none-eabi/12.3.1/../../../../arm-none-eabi/lib/thumb/v7e-m+fp/hard\libc_nano.a(libc_a-stdio.o)
                              C:/ST/STM32CubeIDE_1.16.1/STM32CubeIDE/plugins/com.st.stm32cube.ide.mcu.externaltools.gnu-tools-for-stm32.12.3.rel1.win32_1.0.200.202406191623/tools/bin/../lib/gcc/arm-none-eabi/12.3.1/../../../../arm-none-eabi/lib/thumb/v7e-m+fp/hard\libc_nano.a(libc_a-findfp.o) (__sread)
C:/ST/STM32CubeIDE_1.16.1/STM32CubeIDE/plugins/com.st.stm32cube.ide.mcu.externaltools.gnu-tools-for-stm32.12.3.rel1.win32_1.0.200.202406191623/tools/bin/../lib/gcc/arm-none-eabi/12.3.1/../../../../arm-none-eabi/lib/thumb/v7e-m+fp/hard\libc_nano.a(libc_a-memset.o)
                              C:/ST/STM32CubeIDE_1.16.1/STM32CubeIDE/plugins/com.st.stm32cube.ide.mcu.externaltools.gnu-tools-for-stm32.12.3.rel1.win32_1.0.200.202406191623/tools/bin/../lib/gcc/arm-none-eabi/12.3.1/../../../../arm-none-eabi/lib/thumb/v7e-m+fp/hard/crt0.o (memset)
C:/ST/STM32CubeIDE_1.16.1/STM32CubeIDE/plugins/com.st.stm32cube.ide.mcu.externaltools.gnu-tools-for-stm32.12.3.rel1.win32_1.0.200.202406191623/tools/bin/../lib/gcc/arm-none-eabi/12.3.1/../../../../arm-none-eabi/lib/thumb/v7e-m+fp/hard\libc_nano.a(libc_a-closer.o)
                              C:/ST/STM32CubeIDE_1.16.1/STM32CubeIDE/plugins/com.st.stm32cube.ide.mcu.externaltools.gnu-tools-for-stm32.12.3.rel1.win32_1.0.200.202406191623/tools/bin/../lib/gcc/arm-none-eabi/12.3.1/../../../../arm-none-eabi/lib/thumb/v7e-m+fp/hard\libc_nano.a(libc_a-stdio.o) (_close_r)
C:/ST/STM32CubeIDE_1.16.1/STM32CubeIDE/plugins/com.st.stm32cube.ide.mcu.externaltools.gnu-tools-for-stm32.12.3.rel1.win32_1.0.200.202406191623/tools/bin/../lib/gcc/arm-none-eabi/12.3.1/../../../../arm-none-eabi/lib/thumb/v7e-m+fp/hard\libc_nano.a(libc_a-reent.o)
                              C:/ST/STM32CubeIDE_1.16.1/STM32CubeIDE/plugins/com.st.stm32cube.ide.mcu.externaltools.gnu-tools-for-stm32.12.3.rel1.win32_1.0.200.202406191623/tools/bin/../lib/gcc/arm-none-eabi/12.3.1/../../../../arm-none-eabi/lib/thumb/v7e-m+fp/hard\libc_nano.a(libc_a-closer.o) (errno)
C:/ST/STM32CubeIDE_1.16.1/STM32CubeIDE/plugins/com.st.stm32cube.ide.mcu.externaltools.gnu-tools-for-stm32.12.3.rel1.win32_1.0.200.202406191623/tools/bin/../lib/gcc/arm-none-eabi/12.3.1/../../../../arm-none-eabi/lib/thumb/v7e-m+fp/hard\libc_nano.a(libc_a-impure.o)
                              C:/ST/STM32CubeIDE_1.16.1/STM32CubeIDE/plugins/com.st.stm32cube.ide.mcu.externaltools.gnu-tools-for-stm32.12.3.rel1.win32_1.0.200.202406191623/tools/bin/../lib/gcc/arm-none-eabi/12.3.1/../../../../arm-none-eabi/lib/thumb/v7e-m+fp/hard\libc_nano.a(libc_a-reent.o) (_impure_ptr)
C:/ST/STM32CubeIDE_1.16.1/STM32CubeIDE/plugins/com.st.stm32cube.ide.mcu.externaltools.gnu-tools-for-stm32.12.3.rel1.win32_1.0.200.202406191623/tools/bin/../lib/gcc/arm-none-eabi/12.3.1/../../../../arm-none-eabi/lib/thumb/v7e-m+fp/hard\libc_nano.a(libc_a-lseekr.o)
[...]
Memory Configuration

Name             Origin             Length             Attributes
RAM              0x20000000         0x00050000         xrw
RAM2             0x10000000         0x00010000         xrw
FLASH            0x08000000         0x00100000         xr
*default*        0x00000000         0xffffffff

Linker script and memory map

LOAD C:/ST/STM32CubeIDE_1.16.1/STM32CubeIDE/plugins/com.st.stm32cube.ide.mcu.externaltools.gnu-tools-for-stm32.12.3.rel1.win32_1.0.200.202406191623/tools/bin/../lib/gcc/arm-none-eabi/12.3.1/thumb/v7e-m+fp/hard/crti.o
LOAD C:/ST/STM32CubeIDE_1.16.1/STM32CubeIDE/plugins/com.st.stm32cube.ide.mcu.externaltools.gnu-tools-for-stm32.12.3.rel1.win32_1.0.200.202406191623/tools/bin/../lib/gcc/arm-none-eabi/12.3.1/thumb/v7e-m+fp/hard/crtbegin.o
LOAD C:/ST/STM32CubeIDE_1.16.1/STM32CubeIDE/plugins/com.st.stm32cube.ide.mcu.externaltools.gnu-tools-for-stm32.12.3.rel1.win32_1.0.200.202406191623/tools/bin/../lib/gcc/arm-none-eabi/12.3.1/../../../../arm-none-eabi/lib/thumb/v7e-m+fp/hard/crt0.o
LOAD ./Core/Src/keypad.o
LOAD ./Core/Src/main.o
LOAD ./Core/Src/stm32l4xx_hal_msp.o
LOAD ./Core/Src/stm32l4xx_it.o
LOAD ./Core/Src/syscalls.o
LOAD ./Core/Src/sysmem.o
LOAD ./Core/Src/system_stm32l4xx.o
LOAD ./Core/Startup/startup_stm32l4a6zgtxp.o
LOAD ./Drivers/STM32L4xx_HAL_Driver/Src/stm32l4xx_hal.o
LOAD ./Drivers/STM32L4xx_HAL_Driver/Src/stm32l4xx_hal_cortex.o
LOAD ./Drivers/STM32L4xx_HAL_Driver/Src/stm32l4xx_hal_dma.o
LOAD ./Drivers/STM32L4xx_HAL_Driver/Src/stm32l4xx_hal_dma_ex.o
LOAD ./Drivers/STM32L4xx_HAL_Driver/Src/stm32l4xx_hal_exti.o
LOAD ./Drivers/STM32L4xx_HAL_Driver/Src/stm32l4xx_hal_flash.o
LOAD ./Drivers/STM32L4xx_HAL_Driver/Src/stm32l4xx_hal_flash_ex.o
LOAD ./Drivers/STM32L4xx_HAL_Driver/Src/stm32l4xx_hal_flash_ramfunc.o
LOAD ./Drivers/STM32L4xx_HAL_Driver/Src/stm32l4xx_hal_gpio.o
LOAD ./Drivers/STM32L4xx_HAL_Driver/Src/stm32l4xx_hal_i2c.o
LOAD ./Drivers/STM32L4xx_HAL_Driver/Src/stm32l4xx_hal_i2c_ex.o
LOAD ./Drivers/STM32L4xx_HAL_Driver/Src/stm32l4xx_hal_pwr.o
LOAD ./Drivers/STM32L4xx_HAL_Driver/Src/stm32l4xx_hal_pwr_ex.o
LOAD ./Drivers/STM32L4xx_HAL_Driver/Src/stm32l4xx_hal_rcc.o
LOAD ./Drivers/STM32L4xx_HAL_Driver/Src/stm32l4xx_hal_rcc_ex.o
START GROUP
LOAD C:/ST/STM32CubeIDE_1.16.1/STM32CubeIDE/plugins/com.st.stm32cube.ide.mcu.externaltools.gnu-tools-for-stm32.12.3.rel1.win32_1.0.200.202406191623/tools/bin/../lib/gcc/arm-none-eabi/12.3.1/../../../../arm-none-eabi/lib/thumb/v7e-m+fp/hard\libc_nano.a
LOAD C:/ST/STM32CubeIDE_1.16.1/STM32CubeIDE/plugins/com.st.stm32cube.ide.mcu.externaltools.gnu-tools-for-stm32.12.3.rel1.win32_1.0.200.202406191623/tools/bin/../lib/gcc/arm-none-eabi/12.3.1/../../../../arm-none-eabi/lib/thumb/v7e-m+fp/hard\libm.a
END GROUP
START GROUP
LOAD C:/ST/STM32CubeIDE_1.16.1/STM32CubeIDE/plugins/com.st.stm32cube.ide.mcu.externaltools.gnu-tools-for-stm32.12.3.rel1.win32_1.0.200.202406191623/tools/bin/../lib/gcc/arm-none-eabi/12.3.1/thumb/v7e-m+fp/hard\libgcc.a
LOAD C:/ST/STM32CubeIDE_1.16.1/STM32CubeIDE/plugins/com.st.stm32cube.ide.mcu.externaltools.gnu-tools-for-stm32.12.3.rel1.win32_1.0.200.202406191623/tools/bin/../lib/gcc/arm-none-eabi/12.3.1/../../../../arm-none-eabi/lib/thumb/v7e-m+fp/hard\libc_nano.a
END GROUP
START GROUP
LOAD C:/ST/STM32CubeIDE_1.16.1/STM32CubeIDE/plugins/com.st.stm32cube.ide.mcu.externaltools.gnu-tools-for-stm32.12.3.rel1.win32_1.0.200.202406191623/tools/bin/../lib/gcc/arm-none-eabi/12.3.1/thumb/v7e-m+fp/hard\libgcc.a
LOAD C:/ST/STM32CubeIDE_1.16.1/STM32CubeIDE/plugins/com.st.stm32cube.ide.mcu.externaltools.gnu-tools-for-stm32.12.3.rel1.win32_1.0.200.202406191623/tools/bin/../lib/gcc/arm-none-eabi/12.3.1/../../../../arm-none-eabi/lib/thumb/v7e-m+fp/hard\libc_nano.a
LOAD C:/ST/STM32CubeIDE_1.16.1/STM32CubeIDE/plugins/com.st.stm32cube.ide.mcu.externaltools.gnu-tools-for-stm32.12.3.rel1.win32_1.0.200.202406191623/tools/bin/../lib/gcc/arm-none-eabi/12.3.1/../../../../arm-none-eabi/lib/thumb/v7e-m+fp/hard\libnosys.a
END GROUP
START GROUP
LOAD C:/ST/STM32CubeIDE_1.16.1/STM32CubeIDE/plugins/com.st.stm32cube.ide.mcu.externaltools.gnu-tools-for-stm32.12.3.rel1.win32_1.0.200.202406191623/tools/bin/../lib/gcc/arm-none-eabi/12.3.1/thumb/v7e-m+fp/hard\libgcc.a
LOAD C:/ST/STM32CubeIDE_1.16.1/STM32CubeIDE/plugins/com.st.stm32cube.ide.mcu.externaltools.gnu-tools-for-stm32.12.3.rel1.win32_1.0.200.202406191623/tools/bin/../lib/gcc/arm-none-eabi/12.3.1/../../../../arm-none-eabi/lib/thumb/v7e-m+fp/hard\libc_nano.a
LOAD C:/ST/STM32CubeIDE_1.16.1/STM32CubeIDE/plugins/com.st.stm32cube.ide.mcu.externaltools.gnu-tools-for-stm32.12.3.rel1.win32_1.0.200.202406191623/tools/bin/../lib/gcc/arm-none-eabi/12.3.1/../../../../arm-none-eabi/lib/thumb/v7e-m+fp/hard\libnosys.a
END GROUP
LOAD C:/ST/STM32CubeIDE_1.16.1/STM32CubeIDE/plugins/com.st.stm32cube.ide.mcu.externaltools.gnu-tools-for-stm32.12.3.rel1.win32_1.0.200.202406191623/tools/bin/../lib/gcc/arm-none-eabi/12.3.1/thumb/v7e-m+fp/hard/crtend.o
LOAD C:/ST/STM32CubeIDE_1.16.1/STM32CubeIDE/plugins/com.st.stm32cube.ide.mcu.externaltools.gnu-tools-for-stm32.12.3.rel1.win32_1.0.200.202406191623/tools/bin/../lib/gcc/arm-none-eabi/12.3.1/thumb/v7e-m+fp/hard/crtn.o
                0x20050000                        _estack = (ORIGIN (RAM) + LENGTH (RAM))
                0x00000200                        _Min_Heap_Size = 0x200
                0x00000400                        _Min_Stack_Size = 0x400

.isr_vector     0x08000000      0x1ac
                0x08000000                        . = ALIGN (0x4)
 *(.isr_vector)
 .isr_vector    0x08000000      0x1ac ./Core/Startup/startup_stm32l4a6zgtxp.o
                0x08000000                g_pfnVectors
                0x080001ac                        . = ALIGN (0x4)

.text           0x080001ac     0x1470
                0x080001ac                        . = ALIGN (0x4)
 *(.text)
 .text          0x080001ac       0x40 C:/ST/STM32CubeIDE_1.16.1/STM32CubeIDE/plugins/com.st.stm32cube.ide.mcu.externaltools.gnu-tools-for-stm32.12.3.rel1.win32_1.0.200.202406191623/tools/bin/../lib/gcc/arm-none-eabi/12.3.1/thumb/v7e-m+fp/hard/crtbegin.o
 *(.text*)
 .text.Keypad_Config
                0x080001ec       0x84 ./Core/Src/keypad.o
                0x080001ec                Keypad_Config
 .text.Keypad_IsAnyKeyPressed
                0x08000270       0x6c ./Core/Src/keypad.o
                0x08000270                Keypad_IsAnyKeyPressed
 .text.Keypad_WhichKeyIsPressed
                0x080002dc       0xe0 ./Core/Src/keypad.o
                0x080002dc                Keypad_WhichKeyIsPressed
 .text.main     0x080003bc       0x4c ./Core/Src/main.o
                0x080003bc                main
 .text.Led_Config
                0x08000408       0x64 ./Core/Src/main.o
                0x08000408                Led_Config
 .text.SystemClock_Config
                0x0800046c       0x8c ./Core/Src/main.o
                0x0800046c                SystemClock_Config
 .text.Error_Handler
                0x080004f8        0xc ./Core/Src/main.o
                0x080004f8                Error_Handler
 .text.HAL_MspInit
                0x08000504       0x48 ./Core/Src/stm32l4xx_hal_msp.o
                0x08000504                HAL_MspInit
 .text.NMI_Handler
                0x0800054c        0x8 ./Core/Src/stm32l4xx_it.o
                0x0800054c                NMI_Handler
 .text.HardFault_Handler
                0x08000554        0x8 ./Core/Src/stm32l4xx_it.o
                0x08000554                HardFault_Handler
 .text.MemManage_Handler
                0x0800055c        0x8 ./Core/Src/stm32l4xx_it.o
                0x0800055c                MemManage_Handler
 .text.BusFault_Handler
                0x08000564        0x8 ./Core/Src/stm32l4xx_it.o
                0x08000564                BusFault_Handler
 .text.UsageFault_Handler
                0x0800056c        0x8 ./Core/Src/stm32l4xx_it.o
                0x0800056c                UsageFault_Handler
 .text.SVC_Handler
                0x08000574        0xe ./Core/Src/stm32l4xx_it.o
                0x08000574                SVC_Handler
 .text.DebugMon_Handler
                0x08000582        0xe ./Core/Src/stm32l4xx_it.o
                0x08000582                DebugMon_Handler
 .text.PendSV_Handler
                0x08000590        0xe ./Core/Src/stm32l4xx_it.o
                0x08000590                PendSV_Handler
 .text.SysTick_Handler
                0x0800059e        0xc ./Core/Src/stm32l4xx_it.o
                0x0800059e                SysTick_Handler
 *fill*         0x080005aa        0x2 
 .text.SystemInit
                0x080005ac       0x24 ./Core/Src/system_stm32l4xx.o
                0x080005ac                SystemInit
 .text.Reset_Handler
                0x080005d0       0x50 ./Core/Startup/startup_stm32l4a6zgtxp.o
                0x080005d0                Reset_Handler
 .text.Default_Handler
                0x08000620        0x2 ./Core/Startup/startup_stm32l4a6zgtxp.o
                0x08000620                RTC_Alarm_IRQHandler
                0x08000620                HASH_RNG_IRQHandler
                0x08000620                EXTI2_IRQHandler
                0x08000620                TIM8_TRG_COM_IRQHandler
                0x08000620                TIM8_CC_IRQHandler
                0x08000620                TIM1_CC_IRQHandler
                0x08000620                TSC_IRQHandler
                0x08000620                TAMP_STAMP_IRQHandler
                0x08000620                CAN2_RX1_IRQHandler
                0x08000620                EXTI3_IRQHandler
                0x08000620                LPTIM2_IRQHandler
                0x08000620                DFSDM1_FLT1_IRQHandler
                0x08000620                I2C3_ER_IRQHandler
                0x08000620                DFSDM1_FLT2_IRQHandler
                0x08000620                EXTI0_IRQHandler
                0x08000620                I2C2_EV_IRQHandler
                0x08000620                CAN1_RX0_IRQHandler
                0x08000620                FPU_IRQHandler
                0x08000620                TIM1_UP_TIM16_IRQHandler
                0x08000620                CAN2_SCE_IRQHandler
                0x08000620                ADC1_2_IRQHandler
                0x08000620                SPI1_IRQHandler
                0x08000620                TIM6_DAC_IRQHandler
                0x08000620                DCMI_IRQHandler
                0x08000620                CAN2_RX0_IRQHandler
                0x08000620                TIM8_UP_IRQHandler
                0x08000620                DMA2_Channel2_IRQHandler
                0x08000620                DMA1_Channel4_IRQHandler
                0x08000620                SAI2_IRQHandler
                0x08000620                DFSDM1_FLT3_IRQHandler
                0x08000620                USART3_IRQHandler
                0x08000620                DMA1_Channel7_IRQHandler
                0x08000620                CAN1_RX1_IRQHandler
                0x08000620                LCD_IRQHandler
                0x08000620                UART5_IRQHandler
                0x08000620                ADC3_IRQHandler
                0x08000620                TIM4_IRQHandler
                0x08000620                DMA2_Channel1_IRQHandler
                0x08000620                QUADSPI_IRQHandler
                0x08000620                I2C1_EV_IRQHandler
                0x08000620                DMA1_Channel6_IRQHandler
                0x08000620                UART4_IRQHandler
                0x08000620                DMA2_Channel4_IRQHandler
                0x08000620                TIM3_IRQHandler
                0x08000620                RCC_IRQHandler
                0x08000620                DMA1_Channel1_IRQHandler
                0x08000620                Default_Handler
                0x08000620                DMA2_Channel7_IRQHandler
                0x08000620                EXTI15_10_IRQHandler
                0x08000620                TIM7_IRQHandler
                0x08000620                SDMMC1_IRQHandler
                0x08000620                CAN2_TX_IRQHandler
                0x08000620                TIM5_IRQHandler
                0x08000620                I2C3_EV_IRQHandler
                0x08000620                EXTI9_5_IRQHandler
                0x08000620                RTC_WKUP_IRQHandler
                0x08000620                PVD_PVM_IRQHandler
                0x08000620                SPI2_IRQHandler
                0x08000620                CAN1_TX_IRQHandler
                0x08000620                DMA2_Channel5_IRQHandler
                0x08000620                CRS_IRQHandler
                0x08000620                DMA1_Channel5_IRQHandler
                0x08000620                EXTI4_IRQHandler
                0x08000620                TIM1_TRG_COM_TIM17_IRQHandler
                0x08000620                DMA1_Channel3_IRQHandler
                0x08000620                COMP_IRQHandler
                0x08000620                WWDG_IRQHandler
                0x08000620                I2C4_EV_IRQHandler
                0x08000620                LPUART1_IRQHandler
                0x08000620                DMA2_Channel6_IRQHandler
                0x08000620                TIM2_IRQHandler
                0x08000620                DMA2D_IRQHandler
                0x08000620                EXTI1_IRQHandler
                0x08000620                AES_IRQHandler
                0x08000620                USART2_IRQHandler
                0x08000620                DFSDM1_FLT0_IRQHandler
                0x08000620                I2C2_ER_IRQHandler
                0x08000620                DMA1_Channel2_IRQHandler
                0x08000620                TIM8_BRK_IRQHandler
                0x08000620                CAN1_SCE_IRQHandler
                0x08000620                FLASH_IRQHandler
                0x08000620                USART1_IRQHandler
                0x08000620                OTG_FS_IRQHandler
                0x08000620                SPI3_IRQHandler
                0x08000620                I2C1_ER_IRQHandler
                0x08000620                FMC_IRQHandler
                0x08000620                SWPMI1_IRQHandler
                0x08000620                LPTIM1_IRQHandler
                0x08000620                I2C4_ER_IRQHandler
                0x08000620                SAI1_IRQHandler
                0x08000620                DMA2_Channel3_IRQHandler
                0x08000620                TIM1_BRK_TIM15_IRQHandler
 .text.HAL_Init
                0x08000622       0x30 ./Drivers/STM32L4xx_HAL_Driver/Src/stm32l4xx_hal.o
                0x08000622                HAL_Init
 *fill*         0x08000652        0x2 
 .text.HAL_InitTick
                0x08000654       0x78 ./Drivers/STM32L4xx_HAL_Driver/Src/stm32l4xx_hal.o
                0x08000654                HAL_InitTick
 .text.HAL_IncTick
                0x080006cc       0x28 ./Drivers/STM32L4xx_HAL_Driver/Src/stm32l4xx_hal.o
                0x080006cc                HAL_IncTick
 .text.HAL_GetTick
                0x080006f4       0x18 ./Drivers/STM32L4xx_HAL_Driver/Src/stm32l4xx_hal.o
                0x080006f4                HAL_GetTick
 .text.__NVIC_SetPriorityGrouping
                0x0800070c       0x48 ./Drivers/STM32L4xx_HAL_Driver/Src/stm32l4xx_hal_cortex.o
 .text.__NVIC_GetPriorityGrouping
                0x08000754       0x1c ./Drivers/STM32L4xx_HAL_Driver/Src/stm32l4xx_hal_cortex.o
 .text.__NVIC_SetPriority
                0x08000770       0x54 ./Drivers/STM32L4xx_HAL_Driver/Src/stm32l4xx_hal_cortex.o
 .text.NVIC_EncodePriority
                0x080007c4       0x66 ./Drivers/STM32L4xx_HAL_Driver/Src/stm32l4xx_hal_cortex.o
 *fill*         0x0800082a        0x2 
 .text.SysTick_Config
                0x0800082c       0x44 ./Drivers/STM32L4xx_HAL_Driver/Src/stm32l4xx_hal_cortex.o
 .text.HAL_NVIC_SetPriorityGrouping
                0x08000870       0x16 ./Drivers/STM32L4xx_HAL_Driver/Src/stm32l4xx_hal_cortex.o
                0x08000870                HAL_NVIC_SetPriorityGrouping
 .text.HAL_NVIC_SetPriority
                0x08000886       0x38 ./Drivers/STM32L4xx_HAL_Driver/Src/stm32l4xx_hal_cortex.o
                0x08000886                HAL_NVIC_SetPriority
 .text.HAL_SYSTICK_Config
                0x080008be       0x18 ./Drivers/STM32L4xx_HAL_Driver/Src/stm32l4xx_hal_cortex.o
                0x080008be                HAL_SYSTICK_Config
 *fill*         0x080008d6        0x2 
 .text.HAL_PWREx_GetVoltageRange
                0x080008d8       0x1c ./Drivers/STM32L4xx_HAL_Driver/Src/stm32l4xx_hal_pwr_ex.o
                0x080008d8                HAL_PWREx_GetVoltageRange
 .text.HAL_PWREx_ControlVoltageScaling
                0x080008f4       0xac ./Drivers/STM32L4xx_HAL_Driver/Src/stm32l4xx_hal_pwr_ex.o
                0x080008f4                HAL_PWREx_ControlVoltageScaling
 .text.HAL_RCC_OscConfig
                0x080009a0      0x834 ./Drivers/STM32L4xx_HAL_Driver/Src/stm32l4xx_hal_rcc.o
                0x080009a0                HAL_RCC_OscConfig
 .text.HAL_RCC_ClockConfig
                0x080011d4      0x200 ./Drivers/STM32L4xx_HAL_Driver/Src/stm32l4xx_hal_rcc.o
                0x080011d4                HAL_RCC_ClockConfig
 .text.HAL_RCC_GetSysClockFreq
                0x080013d4      0x118 ./Drivers/STM32L4xx_HAL_Driver/Src/stm32l4xx_hal_rcc.o
                0x080013d4                HAL_RCC_GetSysClockFreq
 .text.RCC_SetFlashLatencyFromMSIRange
                0x080014ec       0xc0 ./Drivers/STM32L4xx_HAL_Driver/Src/stm32l4xx_hal_rcc.o
 .text.memset   0x080015ac       0x10 C:/ST/STM32CubeIDE_1.16.1/STM32CubeIDE/plugins/com.st.stm32cube.ide.mcu.externaltools.gnu-tools-for-stm32.12.3.rel1.win32_1.0.200.202406191623/tools/bin/../lib/gcc/arm-none-eabi/12.3.1/../../../../arm-none-eabi/lib/thumb/v7e-m+fp/hard\libc_nano.a(libc_a-memset.o)
                0x080015ac                memset
 .text.__libc_init_array
                0x080015bc       0x48 C:/ST/STM32CubeIDE_1.16.1/STM32CubeIDE/plugins/com.st.stm32cube.ide.mcu.externaltools.gnu-tools-for-stm32.12.3.rel1.win32_1.0.200.202406191623/tools/bin/../lib/gcc/arm-none-eabi/12.3.1/../../../../arm-none-eabi/lib/thumb/v7e-m+fp/hard\libc_nano.a(libc_a-init.o)
                0x080015bc                __libc_init_array
 *(.glue_7)
 .glue_7        0x08001604        0x0 linker stubs
 *(.glue_7t)
 .glue_7t       0x08001604        0x0 linker stubs
 *(.eh_frame)
 .eh_frame      0x08001604        0x0 C:/ST/STM32CubeIDE_1.16.1/STM32CubeIDE/plugins/com.st.stm32cube.ide.mcu.externaltools.gnu-tools-for-stm32.12.3.rel1.win32_1.0.200.202406191623/tools/bin/../lib/gcc/arm-none-eabi/12.3.1/thumb/v7e-m+fp/hard/crtbegin.o
 *(.init)
 .init          0x08001604        0x4 C:/ST/STM32CubeIDE_1.16.1/STM32CubeIDE/plugins/com.st.stm32cube.ide.mcu.externaltools.gnu-tools-for-stm32.12.3.rel1.win32_1.0.200.202406191623/tools/bin/../lib/gcc/arm-none-eabi/12.3.1/thumb/v7e-m+fp/hard/crti.o
                0x08001604                _init
 .init          0x08001608        0x8 C:/ST/STM32CubeIDE_1.16.1/STM32CubeIDE/plugins/com.st.stm32cube.ide.mcu.externaltools.gnu-tools-for-stm32.12.3.rel1.win32_1.0.200.202406191623/tools/bin/../lib/gcc/arm-none-eabi/12.3.1/thumb/v7e-m+fp/hard/crtn.o
 *(.fini)
 .fini          0x08001610        0x4 C:/ST/STM32CubeIDE_1.16.1/STM32CubeIDE/plugins/com.st.stm32cube.ide.mcu.externaltools.gnu-tools-for-stm32.12.3.rel1.win32_1.0.200.202406191623/tools/bin/../lib/gcc/arm-none-eabi/12.3.1/thumb/v7e-m+fp/hard/crti.o
                0x08001610                _fini
 .fini          0x08001614        0x8 C:/ST/STM32CubeIDE_1.16.1/STM32CubeIDE/plugins/com.st.stm32cube.ide.mcu.externaltools.gnu-tools-for-stm32.12.3.rel1.win32_1.0.200.202406191623/tools/bin/../lib/gcc/arm-none-eabi/12.3.1/thumb/v7e-m+fp/hard/crtn.o
                0x0800161c                        . = ALIGN (0x4)
                0x0800161c                        _etext = .

.vfp11_veneer   0x0800161c        0x0
 .vfp11_veneer  0x0800161c        0x0 linker stubs

.v4_bx          0x0800161c        0x0
 .v4_bx         0x0800161c        0x0 linker stubs

.iplt           0x0800161c        0x0
 .iplt          0x0800161c        0x0 C:/ST/STM32CubeIDE_1.16.1/STM32CubeIDE/plugins/com.st.stm32cube.ide.mcu.externaltools.gnu-tools-for-stm32.12.3.rel1.win32_1.0.200.202406191623/tools/bin/../lib/gcc/arm-none-eabi/12.3.1/thumb/v7e-m+fp/hard/crtbegin.o

.rodata         0x0800161c       0x40
                0x0800161c                        . = ALIGN (0x4)
 *(.rodata)
 *(.rodata*)
 .rodata.AHBPrescTable
                0x0800161c       0x10 ./Core/Src/system_stm32l4xx.o
                0x0800161c                AHBPrescTable
 .rodata.MSIRangeTable
                0x0800162c       0x30 ./Core/Src/system_stm32l4xx.o
                0x0800162c                MSIRangeTable
                0x0800165c                        . = ALIGN (0x4)

.ARM.extab      0x0800165c        0x0
                0x0800165c                        . = ALIGN (0x4)
 *(.ARM.extab* .gnu.linkonce.armextab.*)
                0x0800165c                        . = ALIGN (0x4)

.ARM            0x0800165c        0x0
                0x0800165c                        . = ALIGN (0x4)
                0x0800165c                        __exidx_start = .
 *(.ARM.exidx*)
                0x0800165c                        __exidx_end = .
                0x0800165c                        . = ALIGN (0x4)

.preinit_array  0x0800165c        0x0
                0x0800165c                        . = ALIGN (0x4)
                0x0800165c                        PROVIDE (__preinit_array_start = .)
 *(.preinit_array*)
                0x0800165c                        PROVIDE (__preinit_array_end = .)
                0x0800165c                        . = ALIGN (0x4)

.init_array     0x0800165c        0x4
                0x0800165c                        . = ALIGN (0x4)
                0x0800165c                        PROVIDE (__init_array_start = .)
 *(SORT_BY_NAME(.init_array.*))
 *(.init_array*)
 .init_array    0x0800165c        0x4 C:/ST/STM32CubeIDE_1.16.1/STM32CubeIDE/plugins/com.st.stm32cube.ide.mcu.externaltools.gnu-tools-for-stm32.12.3.rel1.win32_1.0.200.202406191623/tools/bin/../lib/gcc/arm-none-eabi/12.3.1/thumb/v7e-m+fp/hard/crtbegin.o
                0x08001660                        PROVIDE (__init_array_end = .)
                0x08001660                        . = ALIGN (0x4)

.fini_array     0x08001660        0x4
                0x08001660                        . = ALIGN (0x4)
                [!provide]                        PROVIDE (__fini_array_start = .)
 *(SORT_BY_NAME(.fini_array.*))
 *(.fini_array*)
 .fini_array    0x08001660        0x4 C:/ST/STM32CubeIDE_1.16.1/STM32CubeIDE/plugins/com.st.stm32cube.ide.mcu.externaltools.gnu-tools-for-stm32.12.3.rel1.win32_1.0.200.202406191623/tools/bin/../lib/gcc/arm-none-eabi/12.3.1/thumb/v7e-m+fp/hard/crtbegin.o
                [!provide]                        PROVIDE (__fini_array_end = .)
                0x08001664                        . = ALIGN (0x4)
                0x08001664                        _sidata = LOADADDR (.data)

.rel.dyn        0x08001664        0x0
 .rel.iplt      0x08001664        0x0 C:/ST/STM32CubeIDE_1.16.1/STM32CubeIDE/plugins/com.st.stm32cube.ide.mcu.externaltools.gnu-tools-for-stm32.12.3.rel1.win32_1.0.200.202406191623/tools/bin/../lib/gcc/arm-none-eabi/12.3.1/thumb/v7e-m+fp/hard/crtbegin.o

.data           0x20000000        0xc load address 0x08001664
                0x20000000                        . = ALIGN (0x4)
                0x20000000                        _sdata = .
 *(.data)
 *(.data*)
 .data.SystemCoreClock
                0x20000000        0x4 ./Core/Src/system_stm32l4xx.o
                0x20000000                SystemCoreClock
 .data.uwTickPrio
                0x20000004        0x4 ./Drivers/STM32L4xx_HAL_Driver/Src/stm32l4xx_hal.o
                0x20000004                uwTickPrio
 .data.uwTickFreq
                0x20000008        0x1 ./Drivers/STM32L4xx_HAL_Driver/Src/stm32l4xx_hal.o
                0x20000008                uwTickFreq
 *(.RamFunc)
 *(.RamFunc*)
                0x2000000c                        . = ALIGN (0x4)
 *fill*         0x20000009        0x3 
                0x2000000c                        _edata = .

.igot.plt       0x2000000c        0x0 load address 0x08001670
 .igot.plt      0x2000000c        0x0 C:/ST/STM32CubeIDE_1.16.1/STM32CubeIDE/plugins/com.st.stm32cube.ide.mcu.externaltools.gnu-tools-for-stm32.12.3.rel1.win32_1.0.200.202406191623/tools/bin/../lib/gcc/arm-none-eabi/12.3.1/thumb/v7e-m+fp/hard/crtbegin.o
                0x2000000c                        . = ALIGN (0x4)

.bss            0x2000000c       0x20 load address 0x08001670
                0x2000000c                        _sbss = .
                0x2000000c                        __bss_start__ = _sbss
 *(.bss)
 .bss           0x2000000c       0x1c C:/ST/STM32CubeIDE_1.16.1/STM32CubeIDE/plugins/com.st.stm32cube.ide.mcu.externaltools.gnu-tools-for-stm32.12.3.rel1.win32_1.0.200.202406191623/tools/bin/../lib/gcc/arm-none-eabi/12.3.1/thumb/v7e-m+fp/hard/crtbegin.o
 *(.bss*)
 .bss.uwTick    0x20000028        0x4 ./Drivers/STM32L4xx_HAL_Driver/Src/stm32l4xx_hal.o
                0x20000028                uwTick
 *(COMMON)
                0x2000002c                        . = ALIGN (0x4)
                0x2000002c                        _ebss = .
                0x2000002c                        __bss_end__ = _ebss

._user_heap_stack
                0x2000002c      0x604 load address 0x08001670
                0x20000030                        . = ALIGN (0x8)
 *fill*         0x2000002c        0x4 
                [!provide]                        PROVIDE (end = .)
                0x20000030                        PROVIDE (_end = .)
                0x20000230                        . = (. + _Min_Heap_Size)
 *fill*         0x20000030      0x200 
                0x20000630                        . = (. + _Min_Stack_Size)
 *fill*         0x20000230      0x400 
                0x20000630                        . = ALIGN (0x8)

/DISCARD/
 libc.a(*)
 libm.a(*)
 libgcc.a(*)

.ARM.attributes
                0x00000000       0x30
 *(.ARM.attributes)
 .ARM.attributes
                0x00000000       0x22 C:/ST/STM32CubeIDE_1.16.1/STM32CubeIDE/plugins/com.st.stm32cube.ide.mcu.externaltools.gnu-tools-for-stm32.12.3.rel1.win32_1.0.200.202406191623/tools/bin/../lib/gcc/arm-none-eabi/12.3.1/thumb/v7e-m+fp/hard/crti.o
 .ARM.attributes
                0x00000022       0x34 C:/ST/STM32CubeIDE_1.16.1/STM32CubeIDE/plugins/com.st.stm32cube.ide.mcu.externaltools.gnu-tools-for-stm32.12.3.rel1.win32_1.0.200.202406191623/tools/bin/../lib/gcc/arm-none-eabi/12.3.1/thumb/v7e-m+fp/hard/crtbegin.o
 .ARM.attributes
                0x00000056       0x34 ./Core/Src/keypad.o
 .ARM.attributes
                0x0000008a       0x34 ./Core/Src/main.o
 .ARM.attributes
                0x000000be       0x34 ./Core/Src/stm32l4xx_hal_msp.o
 .ARM.attributes
                0x000000f2       0x34 ./Core/Src/stm32l4xx_it.o
 .ARM.attributes
                0x00000126       0x34 ./Core/Src/system_stm32l4xx.o
 .ARM.attributes
                0x0000015a       0x21 ./Core/Startup/startup_stm32l4a6zgtxp.o
 .ARM.attributes
                0x0000017b       0x34 ./Drivers/STM32L4xx_HAL_Driver/Src/stm32l4xx_hal.o
 .ARM.attributes
                0x000001af       0x34 ./Drivers/STM32L4xx_HAL_Driver/Src/stm32l4xx_hal_cortex.o
 .ARM.attributes
                0x000001e3       0x34 ./Drivers/STM32L4xx_HAL_Driver/Src/stm32l4xx_hal_pwr_ex.o
 .ARM.attributes
                0x00000217       0x34 ./Drivers/STM32L4xx_HAL_Driver/Src/stm32l4xx_hal_rcc.o
 .ARM.attributes
                0x0000024b       0x34 C:/ST/STM32CubeIDE_1.16.1/STM32CubeIDE/plugins/com.st.stm32cube.ide.mcu.externaltools.gnu-tools-for-stm32.12.3.rel1.win32_1.0.200.202406191623/tools/bin/../lib/gcc/arm-none-eabi/12.3.1/../../../../arm-none-eabi/lib/thumb/v7e-m+fp/hard\libc_nano.a(libc_a-memset.o)
 .ARM.attributes
                0x0000027f       0x34 C:/ST/STM32CubeIDE_1.16.1/STM32CubeIDE/plugins/com.st.stm32cube.ide.mcu.externaltools.gnu-tools-for-stm32.12.3.rel1.win32_1.0.200.202406191623/tools/bin/../lib/gcc/arm-none-eabi/12.3.1/../../../../arm-none-eabi/lib/thumb/v7e-m+fp/hard\libc_nano.a(libc_a-init.o)
 .ARM.attributes
                0x000002b3       0x22 C:/ST/STM32CubeIDE_1.16.1/STM32CubeIDE/plugins/com.st.stm32cube.ide.mcu.externaltools.gnu-tools-for-stm32.12.3.rel1.win32_1.0.200.202406191623/tools/bin/../lib/gcc/arm-none-eabi/12.3.1/thumb/v7e-m+fp/hard/crtn.o
OUTPUT(A2.elf elf32-littlearm)
LOAD linker stubs
LOAD C:/ST/STM32CubeIDE_1.16.1/STM32CubeIDE/plugins/com.st.stm32cube.ide.mcu.externaltools.gnu-tools-for-stm32.12.3.rel1.win32_1.0.200.202406191623/tools/bin/../lib/gcc/arm-none-eabi/12.3.1/../../../../arm-none-eabi/lib/thumb/v7e-m+fp/hard\libc.a
LOAD C:/ST/STM32CubeIDE_1.16.1/STM32CubeIDE/plugins/com.st.stm32cube.ide.mcu.externaltools.gnu-tools-for-stm32.12.3.rel1.win32_1.0.200.202406191623/tools/bin/../lib/gcc/arm-none-eabi/12.3.1/../../../../arm-none-eabi/lib/thumb/v7e-m+fp/hard\libm.a
LOAD C:/ST/STM32CubeIDE_1.16.1/STM32CubeIDE/plugins/com.st.stm32cube.ide.mcu.externaltools.gnu-tools-for-stm32.12.3.rel1.win32_1.0.200.202406191623/tools/bin/../lib/gcc/arm-none-eabi/12.3.1/thumb/v7e-m+fp/hard\libgcc.a

.debug_info     0x00000000     0x427d
 .debug_info    0x00000000      0x409 ./Core/Src/keypad.o
 .debug_info    0x00000409      0x5b4 ./Core/Src/main.o
 .debug_info    0x000009bd      0x2d1 ./Core/Src/stm32l4xx_hal_msp.o
 .debug_info    0x00000c8e      0x113 ./Core/Src/stm32l4xx_it.o
 .debug_info    0x00000da1      0x5cd ./Core/Src/system_stm32l4xx.o
 .debug_info    0x0000136e       0x30 ./Core/Startup/startup_stm32l4a6zgtxp.o
 .debug_info    0x0000139e      0xb51 ./Drivers/STM32L4xx_HAL_Driver/Src/stm32l4xx_hal.o
 .debug_info    0x00001eef      0xdbd ./Drivers/STM32L4xx_HAL_Driver/Src/stm32l4xx_hal_cortex.o
 .debug_info    0x00002cac      0x996 ./Drivers/STM32L4xx_HAL_Driver/Src/stm32l4xx_hal_pwr_ex.o
 .debug_info    0x00003642      0xc3b ./Drivers/STM32L4xx_HAL_Driver/Src/stm32l4xx_hal_rcc.o

.debug_abbrev   0x00000000      0xf99
 .debug_abbrev  0x00000000      0x10c ./Core/Src/keypad.o
 .debug_abbrev  0x0000010c      0x1f4 ./Core/Src/main.o
 .debug_abbrev  0x00000300       0xc6 ./Core/Src/stm32l4xx_hal_msp.o
 .debug_abbrev  0x000003c6       0x73 ./Core/Src/stm32l4xx_it.o
 .debug_abbrev  0x00000439      0x11a ./Core/Src/system_stm32l4xx.o
 .debug_abbrev  0x00000553       0x24 ./Core/Startup/startup_stm32l4a6zgtxp.o
 .debug_abbrev  0x00000577      0x242 ./Drivers/STM32L4xx_HAL_Driver/Src/stm32l4xx_hal.o
 .debug_abbrev  0x000007b9      0x31c ./Drivers/STM32L4xx_HAL_Driver/Src/stm32l4xx_hal_cortex.o
 .debug_abbrev  0x00000ad5      0x1f9 ./Drivers/STM32L4xx_HAL_Driver/Src/stm32l4xx_hal_pwr_ex.o
 .debug_abbrev  0x00000cce      0x2cb ./Drivers/STM32L4xx_HAL_Driver/Src/stm32l4xx_hal_rcc.o

.debug_aranges  0x00000000      0x570
 .debug_aranges
                0x00000000       0x30 ./Core/Src/keypad.o
 .debug_aranges
                0x00000030       0x38 ./Core/Src/main.o
 .debug_aranges
                0x00000068       0x20 ./Core/Src/stm32l4xx_hal_msp.o
 .debug_aranges
                0x00000088       0x60 ./Core/Src/stm32l4xx_it.o
 .debug_aranges
                0x000000e8       0x28 ./Core/Src/system_stm32l4xx.o
 .debug_aranges
                0x00000110       0x28 ./Core/Startup/startup_stm32l4a6zgtxp.o
 .debug_aranges
                0x00000138      0x130 ./Drivers/STM32L4xx_HAL_Driver/Src/stm32l4xx_hal.o
 .debug_aranges
                0x00000268      0x128 ./Drivers/STM32L4xx_HAL_Driver/Src/stm32l4xx_hal_cortex.o
 .debug_aranges
                0x00000390      0x150 ./Drivers/STM32L4xx_HAL_Driver/Src/stm32l4xx_hal_pwr_ex.o
 .debug_aranges
                0x000004e0       0x90 ./Drivers/STM32L4xx_HAL_Driver/Src/stm32l4xx_hal_rcc.o

.debug_rnglists
                0x00000000      0x3f3
 .debug_rnglists
                0x00000000       0x21 ./Core/Src/keypad.o
 .debug_rnglists
                0x00000021       0x26 ./Core/Src/main.o
 .debug_rnglists
                0x00000047       0x13 ./Core/Src/stm32l4xx_hal_msp.o
 .debug_rnglists
                0x0000005a       0x43 ./Core/Src/stm32l4xx_it.o
 .debug_rnglists
                0x0000009d       0x1a ./Core/Src/system_stm32l4xx.o
 .debug_rnglists
                0x000000b7       0x19 ./Core/Startup/startup_stm32l4a6zgtxp.o
 .debug_rnglists
                0x000000d0       0xdf ./Drivers/STM32L4xx_HAL_Driver/Src/stm32l4xx_hal.o
 .debug_rnglists
                0x000001af       0xda ./Drivers/STM32L4xx_HAL_Driver/Src/stm32l4xx_hal_cortex.o
 .debug_rnglists
                0x00000289       0xfd ./Drivers/STM32L4xx_HAL_Driver/Src/stm32l4xx_hal_pwr_ex.o
 .debug_rnglists
                0x00000386       0x6d ./Drivers/STM32L4xx_HAL_Driver/Src/stm32l4xx_hal_rcc.o

.debug_macro    0x00000000    0x2704e
 .debug_macro   0x00000000      0x1a7 ./Core/Src/keypad.o
 .debug_macro   0x000001a7      0xab4 ./Core/Src/keypad.o
 .debug_macro   0x00000c5b      0x19b ./Core/Src/keypad.o
 .debug_macro   0x00000df6       0x2e ./Core/Src/keypad.o
 .debug_macro   0x00000e24       0x28 ./Core/Src/keypad.o
 .debug_macro   0x00000e4c       0x22 ./Core/Src/keypad.o
 .debug_macro   0x00000e6e       0x8e ./Core/Src/keypad.o
 .debug_macro   0x00000efc       0x51 ./Core/Src/keypad.o
 .debug_macro   0x00000f4d      0x103 ./Core/Src/keypad.o
 .debug_macro   0x00001050       0x6a ./Core/Src/keypad.o
 .debug_macro   0x000010ba      0x1df ./Core/Src/keypad.o
 .debug_macro   0x00001299       0x1c ./Core/Src/keypad.o
 .debug_macro   0x000012b5       0x22 ./Core/Src/keypad.o
 .debug_macro   0x000012d7       0xfb ./Core/Src/keypad.o
 .debug_macro   0x000013d2     0x1011 ./Core/Src/keypad.o
 .debug_macro   0x000023e3      0x11f ./Core/Src/keypad.o
 .debug_macro   0x00002502    0x1c8c1 ./Core/Src/keypad.o
 .debug_macro   0x0001edc3       0x6d ./Core/Src/keypad.o
 .debug_macro   0x0001ee30     0x38fb ./Core/Src/keypad.o
 .debug_macro   0x0002272b      0x189 ./Core/Src/keypad.o
 .debug_macro   0x000228b4       0x5c ./Core/Src/keypad.o
 .debug_macro   0x00022910     0x1909 ./Core/Src/keypad.o
 .debug_macro   0x00024219      0x773 ./Core/Src/keypad.o
 .debug_macro   0x0002498c      0x1b9 ./Core/Src/keypad.o
 .debug_macro   0x00024b45      0x202 ./Core/Src/keypad.o
 .debug_macro   0x00024d47      0x26b ./Core/Src/keypad.o
 .debug_macro   0x00024fb2      0x23d ./Core/Src/keypad.o
 .debug_macro   0x000251ef      0x241 ./Core/Src/keypad.o
 .debug_macro   0x00025430      0x3ad ./Core/Src/keypad.o
 .debug_macro   0x000257dd       0xe4 ./Core/Src/keypad.o
 .debug_macro   0x000258c1      0x122 ./Core/Src/keypad.o
 .debug_macro   0x000259e3      0x3ef ./Core/Src/keypad.o
 .debug_macro   0x00025dd2      0x433 ./Core/Src/keypad.o
 .debug_macro   0x00026205       0x4c ./Core/Src/keypad.o
 .debug_macro   0x00026251      0x1ab ./Core/Src/main.o
 .debug_macro   0x000263fc       0x52 ./Core/Src/main.o
 .debug_macro   0x0002644e      0x1a2 ./Core/Src/stm32l4xx_hal_msp.o
 .debug_macro   0x000265f0      0x1ac ./Core/Src/stm32l4xx_it.o
 .debug_macro   0x0002679c      0x198 ./Core/Src/system_stm32l4xx.o
 .debug_macro   0x00026934      0x1e6 ./Drivers/STM32L4xx_HAL_Driver/Src/stm32l4xx_hal.o
 .debug_macro   0x00026b1a      0x198 ./Drivers/STM32L4xx_HAL_Driver/Src/stm32l4xx_hal_cortex.o
 .debug_macro   0x00026cb2      0x1c2 ./Drivers/STM32L4xx_HAL_Driver/Src/stm32l4xx_hal_pwr_ex.o
 .debug_macro   0x00026e74      0x1da ./Drivers/STM32L4xx_HAL_Driver/Src/stm32l4xx_hal_rcc.o

.debug_line     0x00000000     0x5a55
 .debug_line    0x00000000      0x813 ./Core/Src/keypad.o
 .debug_line    0x00000813      0x7ce ./Core/Src/main.o
 .debug_line    0x00000fe1      0x6ec ./Core/Src/stm32l4xx_hal_msp.o
 .debug_line    0x000016cd      0x7ae ./Core/Src/stm32l4xx_it.o
 .debug_line    0x00001e7b      0x786 ./Core/Src/system_stm32l4xx.o
 .debug_line    0x00002601       0x7a ./Core/Startup/startup_stm32l4a6zgtxp.o
 .debug_line    0x0000267b      0xae1 ./Drivers/STM32L4xx_HAL_Driver/Src/stm32l4xx_hal.o
 .debug_line    0x0000315c      0xcaa ./Drivers/STM32L4xx_HAL_Driver/Src/stm32l4xx_hal_cortex.o
 .debug_line    0x00003e06      0xcad ./Drivers/STM32L4xx_HAL_Driver/Src/stm32l4xx_hal_pwr_ex.o
 .debug_line    0x00004ab3      0xfa2 ./Drivers/STM32L4xx_HAL_Driver/Src/stm32l4xx_hal_rcc.o

.debug_str      0x00000000    0xee783
 .debug_str     0x00000000    0xecb62 ./Core/Src/keypad.o
                              0xece01 (size before relaxing)
 .debug_str     0x000ecb62      0x227 ./Core/Src/main.o
                              0xecff1 (size before relaxing)
 .debug_str     0x000ecd89       0x33 ./Core/Src/stm32l4xx_hal_msp.o
                              0xecc70 (size before relaxing)
 .debug_str     0x000ecdbc       0xc9 ./Core/Src/stm32l4xx_it.o
                              0xecb9c (size before relaxing)
 .debug_str     0x000ece85       0xfc ./Core/Src/system_stm32l4xx.o
                              0xecd37 (size before relaxing)
 .debug_str     0x000ecf81       0x45 ./Core/Startup/startup_stm32l4a6zgtxp.o
                                 0x74 (size before relaxing)
 .debug_str     0x000ecfc6      0xb1a ./Drivers/STM32L4xx_HAL_Driver/Src/stm32l4xx_hal.o
                              0xed94d (size before relaxing)
 .debug_str     0x000edae0      0x388 ./Drivers/STM32L4xx_HAL_Driver/Src/stm32l4xx_hal_cortex.o
                              0xed620 (size before relaxing)
 .debug_str     0x000ede68      0x52b ./Drivers/STM32L4xx_HAL_Driver/Src/stm32l4xx_hal_pwr_ex.o
                              0xed286 (size before relaxing)
 .debug_str     0x000ee393      0x3f0 ./Drivers/STM32L4xx_HAL_Driver/Src/stm32l4xx_hal_rcc.o
                              0xed384 (size before relaxing)

.comment        0x00000000       0x43
 .comment       0x00000000       0x43 ./Core/Src/keypad.o
                                 0x44 (size before relaxing)
 .comment       0x00000043       0x44 ./Core/Src/main.o
 .comment       0x00000043       0x44 ./Core/Src/stm32l4xx_hal_msp.o
 .comment       0x00000043       0x44 ./Core/Src/stm32l4xx_it.o
 .comment       0x00000043       0x44 ./Core/Src/system_stm32l4xx.o
 .comment       0x00000043       0x44 ./Drivers/STM32L4xx_HAL_Driver/Src/stm32l4xx_hal.o
 .comment       0x00000043       0x44 ./Drivers/STM32L4xx_HAL_Driver/Src/stm32l4xx_hal_cortex.o
 .comment       0x00000043       0x44 ./Drivers/STM32L4xx_HAL_Driver/Src/stm32l4xx_hal_pwr_ex.o
 .comment       0x00000043       0x44 ./Drivers/STM32L4xx_HAL_Driver/Src/stm32l4xx_hal_rcc.o

.debug_frame    0x00000000     0x13c8
 .debug_frame   0x00000000       0x80 ./Core/Src/keypad.o
 .debug_frame   0x00000080       0x88 ./Core/Src/main.o
 .debug_frame   0x00000108       0x38 ./Core/Src/stm32l4xx_hal_msp.o
 .debug_frame   0x00000140      0x104 ./Core/Src/stm32l4xx_it.o
 .debug_frame   0x00000244       0x58 ./Core/Src/system_stm32l4xx.o
 .debug_frame   0x0000029c      0x498 ./Drivers/STM32L4xx_HAL_Driver/Src/stm32l4xx_hal.o
 .debug_frame   0x00000734      0x4e8 ./Drivers/STM32L4xx_HAL_Driver/Src/stm32l4xx_hal_cortex.o
 .debug_frame   0x00000c1c      0x544 ./Drivers/STM32L4xx_HAL_Driver/Src/stm32l4xx_hal_pwr_ex.o
 .debug_frame   0x00001160      0x21c ./Drivers/STM32L4xx_HAL_Driver/Src/stm32l4xx_hal_rcc.o
 .debug_frame   0x0000137c       0x20 C:/ST/STM32CubeIDE_1.16.1/STM32CubeIDE/plugins/com.st.stm32cube.ide.mcu.externaltools.gnu-tools-for-stm32.12.3.rel1.win32_1.0.200.202406191623/tools/bin/../lib/gcc/arm-none-eabi/12.3.1/../../../../arm-none-eabi/lib/thumb/v7e-m+fp/hard\libc_nano.a(libc_a-memset.o)
 .debug_frame   0x0000139c       0x2c C:/ST/STM32CubeIDE_1.16.1/STM32CubeIDE/plugins/com.st.stm32cube.ide.mcu.externaltools.gnu-tools-for-stm32.12.3.rel1.win32_1.0.200.202406191623/tools/bin/../lib/gcc/arm-none-eabi/12.3.1/../../../../arm-none-eabi/lib/thumb/v7e-m+fp/hard\libc_nano.a(libc_a-init.o)

.debug_line_str
                0x00000000       0x58
 .debug_line_str
                0x00000000       0x58 ./Core/Startup/startup_stm32l4a6zgtxp.o
