Archive member included to satisfy reference by file (symbol)

C:/ST/STM32CubeIDE_1.16.1/STM32CubeIDE/plugins/com.st.stm32cube.ide.mcu.externaltools.gnu-tools-for-stm32.12.3.rel1.win32_1.0.200.202406191623/tools/bin/../lib/gcc/arm-none-eabi/12.3.1/../../../../arm-none-eabi/lib/thumb/v7e-m+fp/hard\libc_nano.a(libc_a-exit.o)
                              C:/ST/STM32CubeIDE_1.16.1/STM32CubeIDE/plugins/com.st.stm32cube.ide.mcu.externaltools.gnu-tools-for-stm32.12.3.rel1.win32_1.0.200.202406191623/tools/bin/../lib/gcc/arm-none-eabi/12.3.1/../../../../arm-none-eabi/lib/thumb/v7e-m+fp/hard/crt0.o (exit)
C:/ST/STM32CubeIDE_1.16.1/STM32CubeIDE/plugins/com.st.stm32cube.ide.mcu.externaltools.gnu-tools-for-stm32.12.3.rel1.win32_1.0.200.202406191623/tools/bin/../lib/gcc/arm-none-eabi/12.3.1/../../../../arm-none-eabi/lib/thumb/v7e-m+fp/hard\libc_nano.a(libc_a-findfp.o)
                              C:/ST/STM32CubeIDE_1.16.1/STM32CubeIDE/plugins/com.st.stm32cube.ide.mcu.externaltools.gnu-tools-for-stm32.12.3.rel1.win32_1.0.200.202406191623/tools/bin/../lib/gcc/arm-none-eabi/12.3.1/../../../../arm-none-eabi/lib/thumb/v7e-m+fp/hard\libc_nano.a(libc_a-exit.o) (__stdio_exit_handler)
C:/ST/STM32CubeIDE_1.16.1/STM32CubeIDE/plugins/com.st.stm32cube.ide.mcu.externaltools.gnu-tools-for-stm32.12.3.rel1.win32_1.0.200.202406191623/tools/bin/../lib/gcc/arm-none-eabi/12.3.1/../../../../arm-none-eabi/lib/thumb/v7e-m+fp/hard\libc_nano.a(libc_a-fwalk.o)
                              C:/ST/STM32CubeIDE_1.16.1/STM32CubeIDE/plugins/com.st.stm32cube.ide.mcu.externaltools.gnu-tools-for-stm32.12.3.rel1.win32_1.0.200.202406191623/tools/bin/../lib/gcc/arm-none-eabi/12.3.1/../../../../arm-none-eabi/lib/thumb/v7e-m+fp/hard\libc_nano.a(libc_a-findfp.o) (_fwalk_sglue)
C:/ST/STM32CubeIDE_1.16.1/STM32CubeIDE/plugins/com.st.stm32cube.ide.mcu.externaltools.gnu-tools-for-stm32.12.3.rel1.win32_1.0.200.202406191623/tools/bin/../lib/gcc/arm-none-eabi/12.3.1/../../../../arm-none-eabi/lib/thumb/v7e-m+fp/hard\libc_nano.a(libc_a-stdio.o)
                              C:/ST/STM32CubeIDE_1.16.1/STM32CubeIDE/plugins/com.st.stm32cube.ide.mcu.externaltools.gnu-tools-for-stm32.12.3.rel1.win32_1.0.200.202406191623/tools/bin/../lib/gcc/arm-none-eabi/12.3.1/../../../../arm-none-eabi/lib/thumb/v7e-m+fp/hard\libc_nano.a(libc_a-findfp.o) (__sread)
C:/ST/STM32CubeIDE_1.16.1/STM32CubeIDE/plugins/com.st.stm32cube.ide.mcu.externaltools.gnu-tools-for-stm32.12.3.rel1.win32_1.0.200.202406191623/tools/bin/../lib/gcc/arm-none-eabi/12.3.1/../../../../arm-none-eabi/lib/thumb/v7e-m+fp/hard\libc_nano.a(libc_a-memset.o)
                              C:/ST/STM32CubeIDE_1.16.1/STM32CubeIDE/plugins/com.st.stm32cube.ide.mcu.externaltools.gnu-tools-for-stm32.12.3.rel1.win32_1.0.200.202406191623/tools/bin/../lib/gcc/arm-none-eabi/12.3.1/../../../../arm-none-eabi/lib/thumb/v7e-m+fp/hard/crt0.o (memset)
C:/ST/STM32CubeIDE_1.16.1/STM32CubeIDE/plugins/com.st.stm32cube.ide.mcu.externaltools.gnu-tools-for-stm32.12.3.rel1.win32_1.0.200.202406191623/tools/bin/../lib/gcc/arm-none-eabi/12.3.1/../../../../arm-none-eabi/lib/thumb/v7e-m+fp/hard\libc_nano.a(libc_a-closer.o)
                              C:/ST/STM32CubeIDE_1.16.1/STM32CubeIDE/plugins/com.st.stm32cube.ide.mcu.externaltools.gnu-tools-for-stm32.12.3.rel1.win32_1.0.200.202406191623/tools/bin/../lib/gcc/arm-none-eabi/12.3.1/../../../../arm-none-eabi/lib/thumb/v7e-m+fp/hard\libc_nano.a(libc_a-stdio.o) (_close_r)
C:/ST/STM32CubeIDE_1.16.1/STM32CubeIDE/plugins/com.st.stm32cube.ide.mcu.externaltools.gnu-tools-for-stm32.12.3.rel1.win32_1.0.200.202406191623/tools/bin/../lib/gcc/arm-none-eabi/12.3.1/../../../../arm-none-eabi/lib/thumb/v7e-m+fp/hard\libc_nano.a(libc_a-reent.o)
                              C:/ST/STM32CubeIDE_1.16.1/STM32CubeIDE/plugins/com.st.stm32cube.ide.mcu.externaltools.gnu-tools-for-stm32.12.3.rel1.win32_1.0.200.202406191623/tools/bin/../lib/gcc/arm-none-eabi/12.3.1/../../../../arm-none-eabi/lib/thumb/v7e-m+fp/hard\libc_nano.a(libc_a-closer.o) (errno)
C:/ST/STM32CubeIDE_1.16.1/STM32CubeIDE/plugins/com.st.stm32cube.ide.mcu.externaltools.gnu-tools-for-stm32.12.3.rel1.win32_1.0.200.202406191623/tools/bin/../lib/gcc/arm-none-eabi/12.3.1/../../../../arm-none-eabi/lib/thumb/v7e-m+fp/hard\libc_nano.a(libc_a-impure.o)
                              C:/ST/STM32CubeIDE_1.16.1/STM32CubeIDE/plugins/com.st.stm32cube.ide.mcu.externaltools.gnu-tools-for-stm32.12.3.rel1.win32_1.0.200.202406191623/tools/bin/../lib/gcc/arm-none-eabi/12.3.1/../../../../arm-none-eabi/lib/thumb/v7e-m+fp/hard\libc_nano.a(libc_a-reent.o) (_impure_ptr)
C:/ST/STM32CubeIDE_1.16.1/STM32CubeIDE/plugins/com.st.stm32cube.ide.mcu.externaltools.gnu-tools-for-stm32.12.3.rel1.win32_1.0.200.202406191623/tools/bin/../lib/gcc/arm-none-eabi/12.3.1/../../../../arm-none-eabi/lib/thumb/v7e-m+fp/hard\libc_nano.a(libc_a-lseekr.o)
[...]
Memory Configuration

Name             Origin             Length             Attributes
RAM              0x20000000         0x00020000         xrw
FLASH            0x08000000         0x00080000         xr
*default*        0x00000000         0xffffffff

Linker script and memory map

LOAD C:/ST/STM32CubeIDE_1.16.1/STM32CubeIDE/plugins/com.st.stm32cube.ide.mcu.externaltools.gnu-tools-for-stm32.12.3.rel1.win32_1.0.200.202406191623/tools/bin/../lib/gcc/arm-none-eabi/12.3.1/thumb/v7e-m+fp/hard/crti.o
LOAD C:/ST/STM32CubeIDE_1.16.1/STM32CubeIDE/plugins/com.st.stm32cube.ide.mcu.externaltools.gnu-tools-for-stm32.12.3.rel1.win32_1.0.200.202406191623/tools/bin/../lib/gcc/arm-none-eabi/12.3.1/thumb/v7e-m+fp/hard/crtbegin.o
LOAD C:/ST/STM32CubeIDE_1.16.1/STM32CubeIDE/plugins/com.st.stm32cube.ide.mcu.externaltools.gnu-tools-for-stm32.12.3.rel1.win32_1.0.200.202406191623/tools/bin/../lib/gcc/arm-none-eabi/12.3.1/../../../../arm-none-eabi/lib/thumb/v7e-m+fp/hard/crt0.o
LOAD ./Core/Src/adc.o
LOAD ./Core/Src/can.o
LOAD ./Core/Src/delay.o
LOAD ./Core/Src/main.o
LOAD ./Core/Src/stm32g4xx_hal_msp.o
LOAD ./Core/Src/stm32g4xx_it.o
LOAD ./Core/Src/syscalls.o
LOAD ./Core/Src/sysmem.o
LOAD ./Core/Src/system_stm32g4xx.o
LOAD ./Core/Src/timer.o
LOAD ./Core/Startup/startup_stm32g484retx.o
LOAD ./Drivers/STM32G4xx_HAL_Driver/Src/stm32g4xx_hal.o
LOAD ./Drivers/STM32G4xx_HAL_Driver/Src/stm32g4xx_hal_cortex.o
LOAD ./Drivers/STM32G4xx_HAL_Driver/Src/stm32g4xx_hal_dma.o
LOAD ./Drivers/STM32G4xx_HAL_Driver/Src/stm32g4xx_hal_dma_ex.o
LOAD ./Drivers/STM32G4xx_HAL_Driver/Src/stm32g4xx_hal_exti.o
LOAD ./Drivers/STM32G4xx_HAL_Driver/Src/stm32g4xx_hal_fdcan.o
LOAD ./Drivers/STM32G4xx_HAL_Driver/Src/stm32g4xx_hal_flash.o
LOAD ./Drivers/STM32G4xx_HAL_Driver/Src/stm32g4xx_hal_flash_ex.o
LOAD ./Drivers/STM32G4xx_HAL_Driver/Src/stm32g4xx_hal_flash_ramfunc.o
LOAD ./Drivers/STM32G4xx_HAL_Driver/Src/stm32g4xx_hal_gpio.o
LOAD ./Drivers/STM32G4xx_HAL_Driver/Src/stm32g4xx_hal_pwr.o
LOAD ./Drivers/STM32G4xx_HAL_Driver/Src/stm32g4xx_hal_pwr_ex.o
LOAD ./Drivers/STM32G4xx_HAL_Driver/Src/stm32g4xx_hal_rcc.o
LOAD ./Drivers/STM32G4xx_HAL_Driver/Src/stm32g4xx_hal_rcc_ex.o
LOAD ./Drivers/STM32G4xx_HAL_Driver/Src/stm32g4xx_hal_tim.o
LOAD ./Drivers/STM32G4xx_HAL_Driver/Src/stm32g4xx_hal_tim_ex.o
START GROUP
LOAD C:/ST/STM32CubeIDE_1.16.1/STM32CubeIDE/plugins/com.st.stm32cube.ide.mcu.externaltools.gnu-tools-for-stm32.12.3.rel1.win32_1.0.200.202406191623/tools/bin/../lib/gcc/arm-none-eabi/12.3.1/../../../../arm-none-eabi/lib/thumb/v7e-m+fp/hard\libc_nano.a
LOAD C:/ST/STM32CubeIDE_1.16.1/STM32CubeIDE/plugins/com.st.stm32cube.ide.mcu.externaltools.gnu-tools-for-stm32.12.3.rel1.win32_1.0.200.202406191623/tools/bin/../lib/gcc/arm-none-eabi/12.3.1/../../../../arm-none-eabi/lib/thumb/v7e-m+fp/hard\libm.a
END GROUP
START GROUP
LOAD C:/ST/STM32CubeIDE_1.16.1/STM32CubeIDE/plugins/com.st.stm32cube.ide.mcu.externaltools.gnu-tools-for-stm32.12.3.rel1.win32_1.0.200.202406191623/tools/bin/../lib/gcc/arm-none-eabi/12.3.1/thumb/v7e-m+fp/hard\libgcc.a
LOAD C:/ST/STM32CubeIDE_1.16.1/STM32CubeIDE/plugins/com.st.stm32cube.ide.mcu.externaltools.gnu-tools-for-stm32.12.3.rel1.win32_1.0.200.202406191623/tools/bin/../lib/gcc/arm-none-eabi/12.3.1/../../../../arm-none-eabi/lib/thumb/v7e-m+fp/hard\libc_nano.a
END GROUP
START GROUP
LOAD C:/ST/STM32CubeIDE_1.16.1/STM32CubeIDE/plugins/com.st.stm32cube.ide.mcu.externaltools.gnu-tools-for-stm32.12.3.rel1.win32_1.0.200.202406191623/tools/bin/../lib/gcc/arm-none-eabi/12.3.1/thumb/v7e-m+fp/hard\libgcc.a
LOAD C:/ST/STM32CubeIDE_1.16.1/STM32CubeIDE/plugins/com.st.stm32cube.ide.mcu.externaltools.gnu-tools-for-stm32.12.3.rel1.win32_1.0.200.202406191623/tools/bin/../lib/gcc/arm-none-eabi/12.3.1/../../../../arm-none-eabi/lib/thumb/v7e-m+fp/hard\libc_nano.a
LOAD C:/ST/STM32CubeIDE_1.16.1/STM32CubeIDE/plugins/com.st.stm32cube.ide.mcu.externaltools.gnu-tools-for-stm32.12.3.rel1.win32_1.0.200.202406191623/tools/bin/../lib/gcc/arm-none-eabi/12.3.1/../../../../arm-none-eabi/lib/thumb/v7e-m+fp/hard\libnosys.a
END GROUP
START GROUP
LOAD C:/ST/STM32CubeIDE_1.16.1/STM32CubeIDE/plugins/com.st.stm32cube.ide.mcu.externaltools.gnu-tools-for-stm32.12.3.rel1.win32_1.0.200.202406191623/tools/bin/../lib/gcc/arm-none-eabi/12.3.1/thumb/v7e-m+fp/hard\libgcc.a
LOAD C:/ST/STM32CubeIDE_1.16.1/STM32CubeIDE/plugins/com.st.stm32cube.ide.mcu.externaltools.gnu-tools-for-stm32.12.3.rel1.win32_1.0.200.202406191623/tools/bin/../lib/gcc/arm-none-eabi/12.3.1/../../../../arm-none-eabi/lib/thumb/v7e-m+fp/hard\libc_nano.a
LOAD C:/ST/STM32CubeIDE_1.16.1/STM32CubeIDE/plugins/com.st.stm32cube.ide.mcu.externaltools.gnu-tools-for-stm32.12.3.rel1.win32_1.0.200.202406191623/tools/bin/../lib/gcc/arm-none-eabi/12.3.1/../../../../arm-none-eabi/lib/thumb/v7e-m+fp/hard\libnosys.a
END GROUP
LOAD C:/ST/STM32CubeIDE_1.16.1/STM32CubeIDE/plugins/com.st.stm32cube.ide.mcu.externaltools.gnu-tools-for-stm32.12.3.rel1.win32_1.0.200.202406191623/tools/bin/../lib/gcc/arm-none-eabi/12.3.1/thumb/v7e-m+fp/hard/crtend.o
LOAD C:/ST/STM32CubeIDE_1.16.1/STM32CubeIDE/plugins/com.st.stm32cube.ide.mcu.externaltools.gnu-tools-for-stm32.12.3.rel1.win32_1.0.200.202406191623/tools/bin/../lib/gcc/arm-none-eabi/12.3.1/thumb/v7e-m+fp/hard/crtn.o
                0x20020000                        _estack = (ORIGIN (RAM) + LENGTH (RAM))
                0x00000200                        _Min_Heap_Size = 0x200
                0x00000400                        _Min_Stack_Size = 0x400

.isr_vector     0x08000000      0x1d8
                0x08000000                        . = ALIGN (0x4)
 *(.isr_vector)
 .isr_vector    0x08000000      0x1d8 ./Core/Startup/startup_stm32g484retx.o
                0x08000000                g_pfnVectors
                0x080001d8                        . = ALIGN (0x4)

.text           0x080001d8     0x2794
                0x080001d8                        . = ALIGN (0x4)
 *(.text)
 .text          0x080001d8       0x40 C:/ST/STM32CubeIDE_1.16.1/STM32CubeIDE/plugins/com.st.stm32cube.ide.mcu.externaltools.gnu-tools-for-stm32.12.3.rel1.win32_1.0.200.202406191623/tools/bin/../lib/gcc/arm-none-eabi/12.3.1/thumb/v7e-m+fp/hard/crtbegin.o
 *(.text*)
 .text.ADC_Init
                0x08000218      0x2d8 ./Core/Src/adc.o
                0x08000218                ADC_Init
 .text.ADC1_2_IRQHandler
                0x080004f0       0x5c ./Core/Src/adc.o
                0x080004f0                ADC1_2_IRQHandler
 .text.can_init
                0x0800054c       0x90 ./Core/Src/can.o
                0x0800054c                can_init
 .text.FDCAN1_Init
                0x080005dc       0xa0 ./Core/Src/can.o
                0x080005dc                FDCAN1_Init
 .text.FDCAN_SendMessage
                0x0800067c       0x64 ./Core/Src/can.o
                0x0800067c                FDCAN_SendMessage
 .text.delay_us
                0x080006e0       0x5c ./Core/Src/delay.o
                0x080006e0                delay_us
 .text.main     0x0800073c      0x1b4 ./Core/Src/main.o
                0x0800073c                main
 .text.Led_Config
                0x080008f0       0x6c ./Core/Src/main.o
                0x080008f0                Led_Config
 .text.SystemClock_Config
                0x0800095c       0x98 ./Core/Src/main.o
                0x0800095c                SystemClock_Config
 .text.Error_Handler
                0x080009f4        0xc ./Core/Src/main.o
                0x080009f4                Error_Handler
 .text.HAL_MspInit
                0x08000a00       0x48 ./Core/Src/stm32g4xx_hal_msp.o
                0x08000a00                HAL_MspInit
 .text.HAL_FDCAN_MspInit
                0x08000a48       0xb4 ./Core/Src/stm32g4xx_hal_msp.o
                0x08000a48                HAL_FDCAN_MspInit
 .text.NMI_Handler
                0x08000afc        0x8 ./Core/Src/stm32g4xx_it.o
                0x08000afc                NMI_Handler
 .text.HardFault_Handler
                0x08000b04        0x8 ./Core/Src/stm32g4xx_it.o
                0x08000b04                HardFault_Handler
 .text.MemManage_Handler
                0x08000b0c        0x8 ./Core/Src/stm32g4xx_it.o
                0x08000b0c                MemManage_Handler
 .text.BusFault_Handler
                0x08000b14        0x8 ./Core/Src/stm32g4xx_it.o
                0x08000b14                BusFault_Handler
 .text.UsageFault_Handler
                0x08000b1c        0x8 ./Core/Src/stm32g4xx_it.o
                0x08000b1c                UsageFault_Handler
 .text.SVC_Handler
                0x08000b24        0xe ./Core/Src/stm32g4xx_it.o
                0x08000b24                SVC_Handler
 .text.DebugMon_Handler
                0x08000b32        0xe ./Core/Src/stm32g4xx_it.o
                0x08000b32                DebugMon_Handler
 .text.PendSV_Handler
                0x08000b40        0xe ./Core/Src/stm32g4xx_it.o
                0x08000b40                PendSV_Handler
 .text.SysTick_Handler
                0x08000b4e        0xc ./Core/Src/stm32g4xx_it.o
                0x08000b4e                SysTick_Handler
 *fill*         0x08000b5a        0x2 
 .text.SystemInit
                0x08000b5c       0x24 ./Core/Src/system_stm32g4xx.o
                0x08000b5c                SystemInit
 .text.__NVIC_EnableIRQ
                0x08000b80       0x3c ./Core/Src/timer.o
 .text.__NVIC_SetPriority
                0x08000bbc       0x54 ./Core/Src/timer.o
 .text.TIM2_Init
                0x08000c10       0x58 ./Core/Src/timer.o
                0x08000c10                TIM2_Init
 .text.TIM3_Init
                0x08000c68       0x54 ./Core/Src/timer.o
                0x08000c68                TIM3_Init
 .text.TIM4_Init
                0x08000cbc       0x54 ./Core/Src/timer.o
                0x08000cbc                TIM4_Init
 .text.TIM2_IRQHandler
                0x08000d10       0x38 ./Core/Src/timer.o
                0x08000d10                TIM2_IRQHandler
 .text.TIM3_IRQHandler
                0x08000d48       0x34 ./Core/Src/timer.o
                0x08000d48                TIM3_IRQHandler
 .text.TIM4_IRQHandler
                0x08000d7c       0x34 ./Core/Src/timer.o
                0x08000d7c                TIM4_IRQHandler
 .text.Reset_Handler
                0x08000db0       0x50 ./Core/Startup/startup_stm32g484retx.o
                0x08000db0                Reset_Handler
 .text.Default_Handler
                0x08000e00        0x2 ./Core/Startup/startup_stm32g484retx.o
                0x08000e00                RTC_Alarm_IRQHandler
                0x08000e00                EXTI2_IRQHandler
                0x08000e00                TIM8_TRG_COM_IRQHandler
                0x08000e00                TIM8_CC_IRQHandler
                0x08000e00                HRTIM1_Master_IRQHandler
                0x08000e00                SPI4_IRQHandler
                0x08000e00                FDCAN3_IT0_IRQHandler
                0x08000e00                TIM1_CC_IRQHandler
                0x08000e00                HRTIM1_FLT_IRQHandler
                0x08000e00                HRTIM1_TIMF_IRQHandler
                0x08000e00                USB_HP_IRQHandler
                0x08000e00                CORDIC_IRQHandler
                0x08000e00                HRTIM1_TIMD_IRQHandler
                0x08000e00                DMA2_Channel8_IRQHandler
                0x08000e00                EXTI3_IRQHandler
                0x08000e00                I2C3_ER_IRQHandler
                0x08000e00                EXTI0_IRQHandler
                0x08000e00                I2C2_EV_IRQHandler
                0x08000e00                FPU_IRQHandler
                0x08000e00                FDCAN1_IT1_IRQHandler
                0x08000e00                TIM1_UP_TIM16_IRQHandler
                0x08000e00                HRTIM1_TIME_IRQHandler
                0x08000e00                SPI1_IRQHandler
                0x08000e00                TIM6_DAC_IRQHandler
                0x08000e00                HRTIM1_TIMC_IRQHandler
                0x08000e00                TIM8_UP_IRQHandler
                0x08000e00                DMA2_Channel2_IRQHandler
                0x08000e00                DMA1_Channel4_IRQHandler
                0x08000e00                TIM20_TRG_COM_IRQHandler
                0x08000e00                USART3_IRQHandler
                0x08000e00                DMA1_Channel7_IRQHandler
                0x08000e00                UART5_IRQHandler
                0x08000e00                ADC3_IRQHandler
                0x08000e00                DMA2_Channel1_IRQHandler
                0x08000e00                QUADSPI_IRQHandler
                0x08000e00                I2C1_EV_IRQHandler
                0x08000e00                DMA1_Channel6_IRQHandler
                0x08000e00                UART4_IRQHandler
                0x08000e00                DMA2_Channel4_IRQHandler
                0x08000e00                RCC_IRQHandler
                0x08000e00                TIM20_UP_IRQHandler
                0x08000e00                DMA1_Channel1_IRQHandler
                0x08000e00                Default_Handler
                0x08000e00                DMA2_Channel7_IRQHandler
                0x08000e00                RTC_TAMP_LSECSS_IRQHandler
                0x08000e00                FMAC_IRQHandler
                0x08000e00                EXTI15_10_IRQHandler
                0x08000e00                DMA1_Channel8_IRQHandler
                0x08000e00                HRTIM1_TIMA_IRQHandler
                0x08000e00                TIM7_DAC_IRQHandler
                0x08000e00                FDCAN3_IT1_IRQHandler
                0x08000e00                TIM5_IRQHandler
                0x08000e00                UCPD1_IRQHandler
                0x08000e00                I2C3_EV_IRQHandler
                0x08000e00                EXTI9_5_IRQHandler
                0x08000e00                RTC_WKUP_IRQHandler
                0x08000e00                PVD_PVM_IRQHandler
                0x08000e00                SPI2_IRQHandler
                0x08000e00                ADC5_IRQHandler
                0x08000e00                DMA2_Channel5_IRQHandler
                0x08000e00                CRS_IRQHandler
                0x08000e00                DMA1_Channel5_IRQHandler
                0x08000e00                USB_LP_IRQHandler
                0x08000e00                EXTI4_IRQHandler
                0x08000e00                RNG_IRQHandler
                0x08000e00                HRTIM1_TIMB_IRQHandler
                0x08000e00                TIM1_TRG_COM_TIM17_IRQHandler
                0x08000e00                FDCAN2_IT1_IRQHandler
                0x08000e00                DMA1_Channel3_IRQHandler
                0x08000e00                ADC4_IRQHandler
                0x08000e00                WWDG_IRQHandler
                0x08000e00                I2C4_EV_IRQHandler
                0x08000e00                FDCAN2_IT0_IRQHandler
                0x08000e00                LPUART1_IRQHandler
                0x08000e00                DMA2_Channel6_IRQHandler
                0x08000e00                FDCAN1_IT0_IRQHandler
                0x08000e00                COMP7_IRQHandler
                0x08000e00                COMP1_2_3_IRQHandler
                0x08000e00                EXTI1_IRQHandler
                0x08000e00                AES_IRQHandler
                0x08000e00                USART2_IRQHandler
                0x08000e00                COMP4_5_6_IRQHandler
                0x08000e00                TIM20_BRK_IRQHandler
                0x08000e00                I2C2_ER_IRQHandler
                0x08000e00                DMA1_Channel2_IRQHandler
                0x08000e00                TIM8_BRK_IRQHandler
                0x08000e00                FLASH_IRQHandler
                0x08000e00                TIM20_CC_IRQHandler
                0x08000e00                USART1_IRQHandler
                0x08000e00                SPI3_IRQHandler
                0x08000e00                I2C1_ER_IRQHandler
                0x08000e00                FMC_IRQHandler
                0x08000e00                LPTIM1_IRQHandler
                0x08000e00                DMAMUX_OVR_IRQHandler
                0x08000e00                I2C4_ER_IRQHandler
                0x08000e00                USBWakeUp_IRQHandler
                0x08000e00                SAI1_IRQHandler
                0x08000e00                DMA2_Channel3_IRQHandler
                0x08000e00                TIM1_BRK_TIM15_IRQHandler
 .text.HAL_Init
                0x08000e02       0x30 ./Drivers/STM32G4xx_HAL_Driver/Src/stm32g4xx_hal.o
                0x08000e02                HAL_Init
 *fill*         0x08000e32        0x2 
 .text.HAL_InitTick
                0x08000e34       0x74 ./Drivers/STM32G4xx_HAL_Driver/Src/stm32g4xx_hal.o
                0x08000e34                HAL_InitTick
 .text.HAL_IncTick
                0x08000ea8       0x24 ./Drivers/STM32G4xx_HAL_Driver/Src/stm32g4xx_hal.o
                0x08000ea8                HAL_IncTick
 .text.HAL_GetTick
                0x08000ecc       0x18 ./Drivers/STM32G4xx_HAL_Driver/Src/stm32g4xx_hal.o
                0x08000ecc                HAL_GetTick
 .text.__NVIC_SetPriorityGrouping
                0x08000ee4       0x48 ./Drivers/STM32G4xx_HAL_Driver/Src/stm32g4xx_hal_cortex.o
 .text.__NVIC_GetPriorityGrouping
                0x08000f2c       0x1c ./Drivers/STM32G4xx_HAL_Driver/Src/stm32g4xx_hal_cortex.o
 .text.__NVIC_SetPriority
                0x08000f48       0x54 ./Drivers/STM32G4xx_HAL_Driver/Src/stm32g4xx_hal_cortex.o
 .text.NVIC_EncodePriority
                0x08000f9c       0x66 ./Drivers/STM32G4xx_HAL_Driver/Src/stm32g4xx_hal_cortex.o
 *fill*         0x08001002        0x2 
 .text.SysTick_Config
                0x08001004       0x44 ./Drivers/STM32G4xx_HAL_Driver/Src/stm32g4xx_hal_cortex.o
 .text.HAL_NVIC_SetPriorityGrouping
                0x08001048       0x16 ./Drivers/STM32G4xx_HAL_Driver/Src/stm32g4xx_hal_cortex.o
                0x08001048                HAL_NVIC_SetPriorityGrouping
 .text.HAL_NVIC_SetPriority
                0x0800105e       0x34 ./Drivers/STM32G4xx_HAL_Driver/Src/stm32g4xx_hal_cortex.o
                0x0800105e                HAL_NVIC_SetPriority
 .text.HAL_SYSTICK_Config
                0x08001092       0x18 ./Drivers/STM32G4xx_HAL_Driver/Src/stm32g4xx_hal_cortex.o
                0x08001092                HAL_SYSTICK_Config
 *fill*         0x080010aa        0x2 
 .text.HAL_FDCAN_Init
                0x080010ac      0x2b4 ./Drivers/STM32G4xx_HAL_Driver/Src/stm32g4xx_hal_fdcan.o
                0x080010ac                HAL_FDCAN_Init
 .text.HAL_FDCAN_Start
                0x08001360       0x50 ./Drivers/STM32G4xx_HAL_Driver/Src/stm32g4xx_hal_fdcan.o
                0x08001360                HAL_FDCAN_Start
 .text.HAL_FDCAN_AddMessageToTxFifoQ
                0x080013b0       0x88 ./Drivers/STM32G4xx_HAL_Driver/Src/stm32g4xx_hal_fdcan.o
                0x080013b0                HAL_FDCAN_AddMessageToTxFifoQ
 .text.FDCAN_CalcultateRamBlockAddresses
                0x08001438       0xd8 ./Drivers/STM32G4xx_HAL_Driver/Src/stm32g4xx_hal_fdcan.o
 .text.FDCAN_CopyMessageToRAM
                0x08001510       0xf8 ./Drivers/STM32G4xx_HAL_Driver/Src/stm32g4xx_hal_fdcan.o
 .text.HAL_GPIO_Init
                0x08001608      0x304 ./Drivers/STM32G4xx_HAL_Driver/Src/stm32g4xx_hal_gpio.o
                0x08001608                HAL_GPIO_Init
 .text.HAL_PWREx_ControlVoltageScaling
                0x0800190c      0x148 ./Drivers/STM32G4xx_HAL_Driver/Src/stm32g4xx_hal_pwr_ex.o
                0x0800190c                HAL_PWREx_ControlVoltageScaling
 .text.HAL_PWREx_DisableUCPDDeadBattery
                0x08001a54       0x20 ./Drivers/STM32G4xx_HAL_Driver/Src/stm32g4xx_hal_pwr_ex.o
                0x08001a54                HAL_PWREx_DisableUCPDDeadBattery
 .text.HAL_RCC_OscConfig
                0x08001a74      0x624 ./Drivers/STM32G4xx_HAL_Driver/Src/stm32g4xx_hal_rcc.o
                0x08001a74                HAL_RCC_OscConfig
 .text.HAL_RCC_ClockConfig
                0x08002098      0x278 ./Drivers/STM32G4xx_HAL_Driver/Src/stm32g4xx_hal_rcc.o
                0x08002098                HAL_RCC_ClockConfig
 .text.HAL_RCC_GetSysClockFreq
                0x08002310       0xc4 ./Drivers/STM32G4xx_HAL_Driver/Src/stm32g4xx_hal_rcc.o
                0x08002310                HAL_RCC_GetSysClockFreq
 .text.RCC_GetSysClockFreqFromPLLSource
                0x080023d4       0x8c ./Drivers/STM32G4xx_HAL_Driver/Src/stm32g4xx_hal_rcc.o
 .text.HAL_RCCEx_PeriphCLKConfig
                0x08002460      0x49c ./Drivers/STM32G4xx_HAL_Driver/Src/stm32g4xx_hal_rcc_ex.o
                0x08002460                HAL_RCCEx_PeriphCLKConfig
 .text.memset   0x080028fc       0x10 C:/ST/STM32CubeIDE_1.16.1/STM32CubeIDE/plugins/com.st.stm32cube.ide.mcu.externaltools.gnu-tools-for-stm32.12.3.rel1.win32_1.0.200.202406191623/tools/bin/../lib/gcc/arm-none-eabi/12.3.1/../../../../arm-none-eabi/lib/thumb/v7e-m+fp/hard\libc_nano.a(libc_a-memset.o)
                0x080028fc                memset
 .text.__libc_init_array
                0x0800290c       0x48 C:/ST/STM32CubeIDE_1.16.1/STM32CubeIDE/plugins/com.st.stm32cube.ide.mcu.externaltools.gnu-tools-for-stm32.12.3.rel1.win32_1.0.200.202406191623/tools/bin/../lib/gcc/arm-none-eabi/12.3.1/../../../../arm-none-eabi/lib/thumb/v7e-m+fp/hard\libc_nano.a(libc_a-init.o)
                0x0800290c                __libc_init_array
 *(.glue_7)
 .glue_7        0x08002954        0x0 linker stubs
 *(.glue_7t)
 .glue_7t       0x08002954        0x0 linker stubs
 *(.eh_frame)
 .eh_frame      0x08002954        0x0 C:/ST/STM32CubeIDE_1.16.1/STM32CubeIDE/plugins/com.st.stm32cube.ide.mcu.externaltools.gnu-tools-for-stm32.12.3.rel1.win32_1.0.200.202406191623/tools/bin/../lib/gcc/arm-none-eabi/12.3.1/thumb/v7e-m+fp/hard/crtbegin.o
 *(.init)
 .init          0x08002954        0x4 C:/ST/STM32CubeIDE_1.16.1/STM32CubeIDE/plugins/com.st.stm32cube.ide.mcu.externaltools.gnu-tools-for-stm32.12.3.rel1.win32_1.0.200.202406191623/tools/bin/../lib/gcc/arm-none-eabi/12.3.1/thumb/v7e-m+fp/hard/crti.o
                0x08002954                _init
 .init          0x08002958        0x8 C:/ST/STM32CubeIDE_1.16.1/STM32CubeIDE/plugins/com.st.stm32cube.ide.mcu.externaltools.gnu-tools-for-stm32.12.3.rel1.win32_1.0.200.202406191623/tools/bin/../lib/gcc/arm-none-eabi/12.3.1/thumb/v7e-m+fp/hard/crtn.o
 *(.fini)
 .fini          0x08002960        0x4 C:/ST/STM32CubeIDE_1.16.1/STM32CubeIDE/plugins/com.st.stm32cube.ide.mcu.externaltools.gnu-tools-for-stm32.12.3.rel1.win32_1.0.200.202406191623/tools/bin/../lib/gcc/arm-none-eabi/12.3.1/thumb/v7e-m+fp/hard/crti.o
                0x08002960                _fini
 .fini          0x08002964        0x8 C:/ST/STM32CubeIDE_1.16.1/STM32CubeIDE/plugins/com.st.stm32cube.ide.mcu.externaltools.gnu-tools-for-stm32.12.3.rel1.win32_1.0.200.202406191623/tools/bin/../lib/gcc/arm-none-eabi/12.3.1/thumb/v7e-m+fp/hard/crtn.o
                0x0800296c                        . = ALIGN (0x4)
                0x0800296c                        _etext = .

.vfp11_veneer   0x0800296c        0x0
 .vfp11_veneer  0x0800296c        0x0 linker stubs

.v4_bx          0x0800296c        0x0
 .v4_bx         0x0800296c        0x0 linker stubs

.iplt           0x0800296c        0x0
 .iplt          0x0800296c        0x0 C:/ST/STM32CubeIDE_1.16.1/STM32CubeIDE/plugins/com.st.stm32cube.ide.mcu.externaltools.gnu-tools-for-stm32.12.3.rel1.win32_1.0.200.202406191623/tools/bin/../lib/gcc/arm-none-eabi/12.3.1/thumb/v7e-m+fp/hard/crtbegin.o

.rodata         0x0800296c       0x20
                0x0800296c                        . = ALIGN (0x4)
 *(.rodata)
 *(.rodata*)
 .rodata.AHBPrescTable
                0x0800296c       0x10 ./Core/Src/system_stm32g4xx.o
                0x0800296c                AHBPrescTable
 .rodata.DLCtoBytes
                0x0800297c       0x10 ./Drivers/STM32G4xx_HAL_Driver/Src/stm32g4xx_hal_fdcan.o
                0x0800298c                        . = ALIGN (0x4)

.ARM.extab      0x0800298c        0x0
                0x0800298c                        . = ALIGN (0x4)
 *(.ARM.extab* .gnu.linkonce.armextab.*)
                0x0800298c                        . = ALIGN (0x4)

.ARM            0x0800298c        0x0
                0x0800298c                        . = ALIGN (0x4)
                0x0800298c                        __exidx_start = .
 *(.ARM.exidx*)
                0x0800298c                        __exidx_end = .
                0x0800298c                        . = ALIGN (0x4)

.preinit_array  0x0800298c        0x0
                0x0800298c                        . = ALIGN (0x4)
                0x0800298c                        PROVIDE (__preinit_array_start = .)
 *(.preinit_array*)
                0x0800298c                        PROVIDE (__preinit_array_end = .)
                0x0800298c                        . = ALIGN (0x4)

.init_array     0x0800298c        0x4
                0x0800298c                        . = ALIGN (0x4)
                0x0800298c                        PROVIDE (__init_array_start = .)
 *(SORT_BY_NAME(.init_array.*))
 *(.init_array*)
 .init_array    0x0800298c        0x4 C:/ST/STM32CubeIDE_1.16.1/STM32CubeIDE/plugins/com.st.stm32cube.ide.mcu.externaltools.gnu-tools-for-stm32.12.3.rel1.win32_1.0.200.202406191623/tools/bin/../lib/gcc/arm-none-eabi/12.3.1/thumb/v7e-m+fp/hard/crtbegin.o
                0x08002990                        PROVIDE (__init_array_end = .)
                0x08002990                        . = ALIGN (0x4)

.fini_array     0x08002990        0x4
                0x08002990                        . = ALIGN (0x4)
                [!provide]                        PROVIDE (__fini_array_start = .)
 *(SORT_BY_NAME(.fini_array.*))
 *(.fini_array*)
 .fini_array    0x08002990        0x4 C:/ST/STM32CubeIDE_1.16.1/STM32CubeIDE/plugins/com.st.stm32cube.ide.mcu.externaltools.gnu-tools-for-stm32.12.3.rel1.win32_1.0.200.202406191623/tools/bin/../lib/gcc/arm-none-eabi/12.3.1/thumb/v7e-m+fp/hard/crtbegin.o
                [!provide]                        PROVIDE (__fini_array_end = .)
                0x08002994                        . = ALIGN (0x4)
                0x08002994                        _sidata = LOADADDR (.data)

.rel.dyn        0x08002994        0x0
 .rel.iplt      0x08002994        0x0 C:/ST/STM32CubeIDE_1.16.1/STM32CubeIDE/plugins/com.st.stm32cube.ide.mcu.externaltools.gnu-tools-for-stm32.12.3.rel1.win32_1.0.200.202406191623/tools/bin/../lib/gcc/arm-none-eabi/12.3.1/thumb/v7e-m+fp/hard/crtbegin.o

.data           0x20000000        0xc load address 0x08002994
                0x20000000                        . = ALIGN (0x4)
                0x20000000                        _sdata = .
 *(.data)
 *(.data*)
 .data.SystemCoreClock
                0x20000000        0x4 ./Core/Src/system_stm32g4xx.o
                0x20000000                SystemCoreClock
 .data.uwTickPrio
                0x20000004        0x4 ./Drivers/STM32G4xx_HAL_Driver/Src/stm32g4xx_hal.o
                0x20000004                uwTickPrio
 .data.uwTickFreq
                0x20000008        0x4 ./Drivers/STM32G4xx_HAL_Driver/Src/stm32g4xx_hal.o
                0x20000008                uwTickFreq
 *(.RamFunc)
 *(.RamFunc*)
                0x2000000c                        . = ALIGN (0x4)
                0x2000000c                        _edata = .

.igot.plt       0x2000000c        0x0 load address 0x080029a0
 .igot.plt      0x2000000c        0x0 C:/ST/STM32CubeIDE_1.16.1/STM32CubeIDE/plugins/com.st.stm32cube.ide.mcu.externaltools.gnu-tools-for-stm32.12.3.rel1.win32_1.0.200.202406191623/tools/bin/../lib/gcc/arm-none-eabi/12.3.1/thumb/v7e-m+fp/hard/crtbegin.o
                0x2000000c                        . = ALIGN (0x4)

.bss            0x2000000c       0xb0 load address 0x080029a0
                0x2000000c                        _sbss = .
                0x2000000c                        __bss_start__ = _sbss
 *(.bss)
 .bss           0x2000000c       0x1c C:/ST/STM32CubeIDE_1.16.1/STM32CubeIDE/plugins/com.st.stm32cube.ide.mcu.externaltools.gnu-tools-for-stm32.12.3.rel1.win32_1.0.200.202406191623/tools/bin/../lib/gcc/arm-none-eabi/12.3.1/thumb/v7e-m+fp/hard/crtbegin.o
 *(.bss*)
 .bss.hfdcan1   0x20000028       0x64 ./Core/Src/main.o
                0x20000028                hfdcan1
 .bss.TxHeader  0x2000008c       0x24 ./Core/Src/main.o
                0x2000008c                TxHeader
 .bss.tim2flag  0x200000b0        0x1 ./Core/Src/main.o
                0x200000b0                tim2flag
 .bss.tim3flag  0x200000b1        0x1 ./Core/Src/main.o
                0x200000b1                tim3flag
 .bss.tim4flag  0x200000b2        0x1 ./Core/Src/main.o
                0x200000b2                tim4flag
 .bss.adc1_flag
                0x200000b3        0x1 ./Core/Src/main.o
                0x200000b3                adc1_flag
 .bss.adc2_flag
                0x200000b4        0x1 ./Core/Src/main.o
                0x200000b4                adc2_flag
 *fill*         0x200000b5        0x3 
 .bss.uwTick    0x200000b8        0x4 ./Drivers/STM32G4xx_HAL_Driver/Src/stm32g4xx_hal.o
                0x200000b8                uwTick
 *(COMMON)
                0x200000bc                        . = ALIGN (0x4)
                0x200000bc                        _ebss = .
                0x200000bc                        __bss_end__ = _ebss

._user_heap_stack
                0x200000bc      0x604 load address 0x080029a0
                0x200000c0                        . = ALIGN (0x8)
 *fill*         0x200000bc        0x4 
                [!provide]                        PROVIDE (end = .)
                0x200000c0                        PROVIDE (_end = .)
                0x200002c0                        . = (. + _Min_Heap_Size)
 *fill*         0x200000c0      0x200 
                0x200006c0                        . = (. + _Min_Stack_Size)
 *fill*         0x200002c0      0x400 
                0x200006c0                        . = ALIGN (0x8)

/DISCARD/
 libc.a(*)
 libm.a(*)
 libgcc.a(*)

.ARM.attributes
                0x00000000       0x30
 *(.ARM.attributes)
 .ARM.attributes
                0x00000000       0x22 C:/ST/STM32CubeIDE_1.16.1/STM32CubeIDE/plugins/com.st.stm32cube.ide.mcu.externaltools.gnu-tools-for-stm32.12.3.rel1.win32_1.0.200.202406191623/tools/bin/../lib/gcc/arm-none-eabi/12.3.1/thumb/v7e-m+fp/hard/crti.o
 .ARM.attributes
                0x00000022       0x34 C:/ST/STM32CubeIDE_1.16.1/STM32CubeIDE/plugins/com.st.stm32cube.ide.mcu.externaltools.gnu-tools-for-stm32.12.3.rel1.win32_1.0.200.202406191623/tools/bin/../lib/gcc/arm-none-eabi/12.3.1/thumb/v7e-m+fp/hard/crtbegin.o
 .ARM.attributes
                0x00000056       0x34 ./Core/Src/adc.o
 .ARM.attributes
                0x0000008a       0x34 ./Core/Src/can.o
 .ARM.attributes
                0x000000be       0x34 ./Core/Src/delay.o
 .ARM.attributes
                0x000000f2       0x34 ./Core/Src/main.o
 .ARM.attributes
                0x00000126       0x34 ./Core/Src/stm32g4xx_hal_msp.o
 .ARM.attributes
                0x0000015a       0x34 ./Core/Src/stm32g4xx_it.o
 .ARM.attributes
                0x0000018e       0x34 ./Core/Src/system_stm32g4xx.o
 .ARM.attributes
                0x000001c2       0x34 ./Core/Src/timer.o
 .ARM.attributes
                0x000001f6       0x21 ./Core/Startup/startup_stm32g484retx.o
 .ARM.attributes
                0x00000217       0x34 ./Drivers/STM32G4xx_HAL_Driver/Src/stm32g4xx_hal.o
 .ARM.attributes
                0x0000024b       0x34 ./Drivers/STM32G4xx_HAL_Driver/Src/stm32g4xx_hal_cortex.o
 .ARM.attributes
                0x0000027f       0x34 ./Drivers/STM32G4xx_HAL_Driver/Src/stm32g4xx_hal_fdcan.o
 .ARM.attributes
                0x000002b3       0x34 ./Drivers/STM32G4xx_HAL_Driver/Src/stm32g4xx_hal_gpio.o
 .ARM.attributes
                0x000002e7       0x34 ./Drivers/STM32G4xx_HAL_Driver/Src/stm32g4xx_hal_pwr_ex.o
 .ARM.attributes
                0x0000031b       0x34 ./Drivers/STM32G4xx_HAL_Driver/Src/stm32g4xx_hal_rcc.o
 .ARM.attributes
                0x0000034f       0x34 ./Drivers/STM32G4xx_HAL_Driver/Src/stm32g4xx_hal_rcc_ex.o
 .ARM.attributes
                0x00000383       0x34 C:/ST/STM32CubeIDE_1.16.1/STM32CubeIDE/plugins/com.st.stm32cube.ide.mcu.externaltools.gnu-tools-for-stm32.12.3.rel1.win32_1.0.200.202406191623/tools/bin/../lib/gcc/arm-none-eabi/12.3.1/../../../../arm-none-eabi/lib/thumb/v7e-m+fp/hard\libc_nano.a(libc_a-memset.o)
 .ARM.attributes
                0x000003b7       0x34 C:/ST/STM32CubeIDE_1.16.1/STM32CubeIDE/plugins/com.st.stm32cube.ide.mcu.externaltools.gnu-tools-for-stm32.12.3.rel1.win32_1.0.200.202406191623/tools/bin/../lib/gcc/arm-none-eabi/12.3.1/../../../../arm-none-eabi/lib/thumb/v7e-m+fp/hard\libc_nano.a(libc_a-init.o)
 .ARM.attributes
                0x000003eb       0x22 C:/ST/STM32CubeIDE_1.16.1/STM32CubeIDE/plugins/com.st.stm32cube.ide.mcu.externaltools.gnu-tools-for-stm32.12.3.rel1.win32_1.0.200.202406191623/tools/bin/../lib/gcc/arm-none-eabi/12.3.1/thumb/v7e-m+fp/hard/crtn.o
OUTPUT(ACAN.elf elf32-littlearm)
LOAD linker stubs
LOAD C:/ST/STM32CubeIDE_1.16.1/STM32CubeIDE/plugins/com.st.stm32cube.ide.mcu.externaltools.gnu-tools-for-stm32.12.3.rel1.win32_1.0.200.202406191623/tools/bin/../lib/gcc/arm-none-eabi/12.3.1/../../../../arm-none-eabi/lib/thumb/v7e-m+fp/hard\libc.a
LOAD C:/ST/STM32CubeIDE_1.16.1/STM32CubeIDE/plugins/com.st.stm32cube.ide.mcu.externaltools.gnu-tools-for-stm32.12.3.rel1.win32_1.0.200.202406191623/tools/bin/../lib/gcc/arm-none-eabi/12.3.1/../../../../arm-none-eabi/lib/thumb/v7e-m+fp/hard\libm.a
LOAD C:/ST/STM32CubeIDE_1.16.1/STM32CubeIDE/plugins/com.st.stm32cube.ide.mcu.externaltools.gnu-tools-for-stm32.12.3.rel1.win32_1.0.200.202406191623/tools/bin/../lib/gcc/arm-none-eabi/12.3.1/thumb/v7e-m+fp/hard\libgcc.a

.debug_info     0x00000000     0x9d11
 .debug_info    0x00000000      0x9f9 ./Core/Src/adc.o
 .debug_info    0x000009f9      0xa5e ./Core/Src/can.o
 .debug_info    0x00001457      0x12d ./Core/Src/delay.o
 .debug_info    0x00001584      0xee1 ./Core/Src/main.o
 .debug_info    0x00002465      0xb70 ./Core/Src/stm32g4xx_hal_msp.o
 .debug_info    0x00002fd5      0x113 ./Core/Src/stm32g4xx_it.o
 .debug_info    0x000030e8      0x58e ./Core/Src/system_stm32g4xx.o
 .debug_info    0x00003676      0xb4e ./Core/Src/timer.o
 .debug_info    0x000041c4       0x30 ./Core/Startup/startup_stm32g484retx.o
 .debug_info    0x000041f4      0xb9b ./Drivers/STM32G4xx_HAL_Driver/Src/stm32g4xx_hal.o
 .debug_info    0x00004d8f      0xdff ./Drivers/STM32G4xx_HAL_Driver/Src/stm32g4xx_hal_cortex.o
 .debug_info    0x00005b8e     0x18bc ./Drivers/STM32G4xx_HAL_Driver/Src/stm32g4xx_hal_fdcan.o
 .debug_info    0x0000744a      0x763 ./Drivers/STM32G4xx_HAL_Driver/Src/stm32g4xx_hal_gpio.o
 .debug_info    0x00007bad      0x93f ./Drivers/STM32G4xx_HAL_Driver/Src/stm32g4xx_hal_pwr_ex.o
 .debug_info    0x000084ec      0xbe0 ./Drivers/STM32G4xx_HAL_Driver/Src/stm32g4xx_hal_rcc.o
 .debug_info    0x000090cc      0xc45 ./Drivers/STM32G4xx_HAL_Driver/Src/stm32g4xx_hal_rcc_ex.o

.debug_abbrev   0x00000000     0x1c31
 .debug_abbrev  0x00000000      0x1be ./Core/Src/adc.o
 .debug_abbrev  0x000001be      0x1bd ./Core/Src/can.o
 .debug_abbrev  0x0000037b       0xe3 ./Core/Src/delay.o
 .debug_abbrev  0x0000045e      0x251 ./Core/Src/main.o
 .debug_abbrev  0x000006af      0x1bc ./Core/Src/stm32g4xx_hal_msp.o
 .debug_abbrev  0x0000086b       0x73 ./Core/Src/stm32g4xx_it.o
 .debug_abbrev  0x000008de      0x11a ./Core/Src/system_stm32g4xx.o
 .debug_abbrev  0x000009f8      0x189 ./Core/Src/timer.o
 .debug_abbrev  0x00000b81       0x24 ./Core/Startup/startup_stm32g484retx.o
 .debug_abbrev  0x00000ba5      0x271 ./Drivers/STM32G4xx_HAL_Driver/Src/stm32g4xx_hal.o
 .debug_abbrev  0x00000e16      0x31c ./Drivers/STM32G4xx_HAL_Driver/Src/stm32g4xx_hal_cortex.o
 .debug_abbrev  0x00001132      0x1e7 ./Drivers/STM32G4xx_HAL_Driver/Src/stm32g4xx_hal_fdcan.o
 .debug_abbrev  0x00001319      0x1cb ./Drivers/STM32G4xx_HAL_Driver/Src/stm32g4xx_hal_gpio.o
 .debug_abbrev  0x000014e4      0x22c ./Drivers/STM32G4xx_HAL_Driver/Src/stm32g4xx_hal_pwr_ex.o
 .debug_abbrev  0x00001710      0x2c9 ./Drivers/STM32G4xx_HAL_Driver/Src/stm32g4xx_hal_rcc.o
 .debug_abbrev  0x000019d9      0x258 ./Drivers/STM32G4xx_HAL_Driver/Src/stm32g4xx_hal_rcc_ex.o

.debug_aranges  0x00000000      0x948
 .debug_aranges
                0x00000000       0x28 ./Core/Src/adc.o
 .debug_aranges
                0x00000028       0x30 ./Core/Src/can.o
 .debug_aranges
                0x00000058       0x28 ./Core/Src/delay.o
 .debug_aranges
                0x00000080       0x38 ./Core/Src/main.o
 .debug_aranges
                0x000000b8       0x30 ./Core/Src/stm32g4xx_hal_msp.o
 .debug_aranges
                0x000000e8       0x60 ./Core/Src/stm32g4xx_it.o
 .debug_aranges
                0x00000148       0x28 ./Core/Src/system_stm32g4xx.o
 .debug_aranges
                0x00000170       0x58 ./Core/Src/timer.o
 .debug_aranges
                0x000001c8       0x28 ./Core/Startup/startup_stm32g484retx.o
 .debug_aranges
                0x000001f0      0x148 ./Drivers/STM32G4xx_HAL_Driver/Src/stm32g4xx_hal.o
 .debug_aranges
                0x00000338      0x128 ./Drivers/STM32G4xx_HAL_Driver/Src/stm32g4xx_hal_cortex.o
 .debug_aranges
                0x00000460      0x208 ./Drivers/STM32G4xx_HAL_Driver/Src/stm32g4xx_hal_fdcan.o
 .debug_aranges
                0x00000668       0x58 ./Drivers/STM32G4xx_HAL_Driver/Src/stm32g4xx_hal_gpio.o
 .debug_aranges
                0x000006c0      0x140 ./Drivers/STM32G4xx_HAL_Driver/Src/stm32g4xx_hal_pwr_ex.o
 .debug_aranges
                0x00000800       0x98 ./Drivers/STM32G4xx_HAL_Driver/Src/stm32g4xx_hal_rcc.o
 .debug_aranges
                0x00000898       0xb0 ./Drivers/STM32G4xx_HAL_Driver/Src/stm32g4xx_hal_rcc_ex.o

.debug_rnglists
                0x00000000      0x6d1
 .debug_rnglists
                0x00000000       0x1a ./Core/Src/adc.o
 .debug_rnglists
                0x0000001a       0x21 ./Core/Src/can.o
 .debug_rnglists
                0x0000003b       0x19 ./Core/Src/delay.o
 .debug_rnglists
                0x00000054       0x27 ./Core/Src/main.o
 .debug_rnglists
                0x0000007b       0x20 ./Core/Src/stm32g4xx_hal_msp.o
 .debug_rnglists
                0x0000009b       0x43 ./Core/Src/stm32g4xx_it.o
 .debug_rnglists
                0x000000de       0x1a ./Core/Src/system_stm32g4xx.o
 .debug_rnglists
                0x000000f8       0x3d ./Core/Src/timer.o
 .debug_rnglists
                0x00000135       0x19 ./Core/Startup/startup_stm32g484retx.o
 .debug_rnglists
                0x0000014e       0xf1 ./Drivers/STM32G4xx_HAL_Driver/Src/stm32g4xx_hal.o
 .debug_rnglists
                0x0000023f       0xda ./Drivers/STM32G4xx_HAL_Driver/Src/stm32g4xx_hal_cortex.o
 .debug_rnglists
                0x00000319      0x18d ./Drivers/STM32G4xx_HAL_Driver/Src/stm32g4xx_hal_fdcan.o
 .debug_rnglists
                0x000004a6       0x3f ./Drivers/STM32G4xx_HAL_Driver/Src/stm32g4xx_hal_gpio.o
 .debug_rnglists
                0x000004e5       0xf1 ./Drivers/STM32G4xx_HAL_Driver/Src/stm32g4xx_hal_pwr_ex.o
 .debug_rnglists
                0x000005d6       0x74 ./Drivers/STM32G4xx_HAL_Driver/Src/stm32g4xx_hal_rcc.o
 .debug_rnglists
                0x0000064a       0x87 ./Drivers/STM32G4xx_HAL_Driver/Src/stm32g4xx_hal_rcc_ex.o

.debug_macro    0x00000000    0x24a57
 .debug_macro   0x00000000      0x1f4 ./Core/Src/adc.o
 .debug_macro   0x000001f4      0xab4 ./Core/Src/adc.o
 .debug_macro   0x00000ca8      0x155 ./Core/Src/adc.o
 .debug_macro   0x00000dfd       0x2e ./Core/Src/adc.o
 .debug_macro   0x00000e2b       0x28 ./Core/Src/adc.o
 .debug_macro   0x00000e53       0x22 ./Core/Src/adc.o
 .debug_macro   0x00000e75       0x8e ./Core/Src/adc.o
 .debug_macro   0x00000f03       0x51 ./Core/Src/adc.o
 .debug_macro   0x00000f54      0x103 ./Core/Src/adc.o
 .debug_macro   0x00001057       0x6a ./Core/Src/adc.o
 .debug_macro   0x000010c1      0x1df ./Core/Src/adc.o
 .debug_macro   0x000012a0       0x1c ./Core/Src/adc.o
 .debug_macro   0x000012bc       0x22 ./Core/Src/adc.o
 .debug_macro   0x000012de       0xfb ./Core/Src/adc.o
 .debug_macro   0x000013d9     0x1011 ./Core/Src/adc.o
 .debug_macro   0x000023ea      0x11f ./Core/Src/adc.o
 .debug_macro   0x00002509    0x19036 ./Core/Src/adc.o
 .debug_macro   0x0001b53f       0x6d ./Core/Src/adc.o
 .debug_macro   0x0001b5ac     0x3558 ./Core/Src/adc.o
 .debug_macro   0x0001eb04      0x189 ./Core/Src/adc.o
 .debug_macro   0x0001ec8d       0x5c ./Core/Src/adc.o
 .debug_macro   0x0001ece9     0x1765 ./Core/Src/adc.o
 .debug_macro   0x0002044e      0x600 ./Core/Src/adc.o
 .debug_macro   0x00020a4e      0x1b6 ./Core/Src/adc.o
 .debug_macro   0x00020c04      0x34a ./Core/Src/adc.o
 .debug_macro   0x00020f4e      0x53c ./Core/Src/adc.o
 .debug_macro   0x0002148a      0x18b ./Core/Src/adc.o
 .debug_macro   0x00021615       0x43 ./Core/Src/adc.o
 .debug_macro   0x00021658      0x23d ./Core/Src/adc.o
 .debug_macro   0x00021895      0x211 ./Core/Src/adc.o
 .debug_macro   0x00021aa6      0x6bd ./Core/Src/adc.o
 .debug_macro   0x00022163      0x45c ./Core/Src/adc.o
 .debug_macro   0x000225bf      0x11c ./Core/Src/adc.o
 .debug_macro   0x000226db      0x122 ./Core/Src/adc.o
 .debug_macro   0x000227fd      0x3d1 ./Core/Src/adc.o
 .debug_macro   0x00022bce      0x358 ./Core/Src/adc.o
 .debug_macro   0x00022f26       0x4c ./Core/Src/adc.o
 .debug_macro   0x00022f72       0x22 ./Core/Src/adc.o
 .debug_macro   0x00022f94      0x1c4 ./Core/Src/can.o
 .debug_macro   0x00023158      0x1ba ./Core/Src/delay.o
 .debug_macro   0x00023312      0x1e6 ./Core/Src/main.o
 .debug_macro   0x000234f8       0x52 ./Core/Src/main.o
 .debug_macro   0x0002354a      0x1e6 ./Core/Src/stm32g4xx_hal_msp.o
 .debug_macro   0x00023730      0x1f0 ./Core/Src/stm32g4xx_it.o
 .debug_macro   0x00023920      0x1b0 ./Core/Src/system_stm32g4xx.o
 .debug_macro   0x00023ad0      0x1ba ./Core/Src/timer.o
 .debug_macro   0x00023c8a      0x1fe ./Drivers/STM32G4xx_HAL_Driver/Src/stm32g4xx_hal.o
 .debug_macro   0x00023e88      0x1b0 ./Drivers/STM32G4xx_HAL_Driver/Src/stm32g4xx_hal_cortex.o
 .debug_macro   0x00024038      0x2c2 ./Drivers/STM32G4xx_HAL_Driver/Src/stm32g4xx_hal_fdcan.o
 .debug_macro   0x000242fa      0x1b7 ./Drivers/STM32G4xx_HAL_Driver/Src/stm32g4xx_hal_gpio.o
 .debug_macro   0x000244b1      0x1da ./Drivers/STM32G4xx_HAL_Driver/Src/stm32g4xx_hal_pwr_ex.o
 .debug_macro   0x0002468b      0x1f2 ./Drivers/STM32G4xx_HAL_Driver/Src/stm32g4xx_hal_rcc.o
 .debug_macro   0x0002487d      0x1da ./Drivers/STM32G4xx_HAL_Driver/Src/stm32g4xx_hal_rcc_ex.o

.debug_line     0x00000000     0xaba4
 .debug_line    0x00000000      0x8d0 ./Core/Src/adc.o
 .debug_line    0x000008d0      0x7dc ./Core/Src/can.o
 .debug_line    0x000010ac      0x762 ./Core/Src/delay.o
 .debug_line    0x0000180e      0x8bd ./Core/Src/main.o
 .debug_line    0x000020cb      0x7a9 ./Core/Src/stm32g4xx_hal_msp.o
 .debug_line    0x00002874      0x809 ./Core/Src/stm32g4xx_it.o
 .debug_line    0x0000307d      0x78b ./Core/Src/system_stm32g4xx.o
 .debug_line    0x00003808      0x87b ./Core/Src/timer.o
 .debug_line    0x00004083       0x7b ./Core/Startup/startup_stm32g484retx.o
 .debug_line    0x000040fe      0xb47 ./Drivers/STM32G4xx_HAL_Driver/Src/stm32g4xx_hal.o
 .debug_line    0x00004c45      0xcda ./Drivers/STM32G4xx_HAL_Driver/Src/stm32g4xx_hal_cortex.o
 .debug_line    0x0000591f     0x193a ./Drivers/STM32G4xx_HAL_Driver/Src/stm32g4xx_hal_fdcan.o
 .debug_line    0x00007259      0xb60 ./Drivers/STM32G4xx_HAL_Driver/Src/stm32g4xx_hal_gpio.o
 .debug_line    0x00007db9      0xcb6 ./Drivers/STM32G4xx_HAL_Driver/Src/stm32g4xx_hal_pwr_ex.o
 .debug_line    0x00008a6f      0xf12 ./Drivers/STM32G4xx_HAL_Driver/Src/stm32g4xx_hal_rcc.o
 .debug_line    0x00009981     0x1223 ./Drivers/STM32G4xx_HAL_Driver/Src/stm32g4xx_hal_rcc_ex.o

.debug_str      0x00000000    0xe603b
 .debug_str     0x00000000    0xe2979 ./Core/Src/adc.o
                              0xe2c26 (size before relaxing)
 .debug_str     0x000e2979      0x46e ./Core/Src/can.o
                              0xe27a7 (size before relaxing)
 .debug_str     0x000e2de7       0x51 ./Core/Src/delay.o
                              0xe21a6 (size before relaxing)
 .debug_str     0x000e2e38      0x219 ./Core/Src/main.o
                              0xe2bfc (size before relaxing)
 .debug_str     0x000e3051      0x2b4 ./Core/Src/stm32g4xx_hal_msp.o
                              0xe2b1b (size before relaxing)
 .debug_str     0x000e3305       0xc9 ./Core/Src/stm32g4xx_it.o
                              0xe23f5 (size before relaxing)
 .debug_str     0x000e33ce       0xcb ./Core/Src/system_stm32g4xx.o
                              0xe2378 (size before relaxing)
 .debug_str     0x000e3499       0x78 ./Core/Src/timer.o
                              0xe2a83 (size before relaxing)
 .debug_str     0x000e3511       0x44 ./Core/Startup/startup_stm32g484retx.o
                                 0x7b (size before relaxing)
 .debug_str     0x000e3555      0x5e4 ./Drivers/STM32G4xx_HAL_Driver/Src/stm32g4xx_hal.o
                              0xe3093 (size before relaxing)
 .debug_str     0x000e3b39      0x352 ./Drivers/STM32G4xx_HAL_Driver/Src/stm32g4xx_hal_cortex.o
                              0xe2d4f (size before relaxing)
 .debug_str     0x000e3e8b     0x1285 ./Drivers/STM32G4xx_HAL_Driver/Src/stm32g4xx_hal_fdcan.o
                              0xe3927 (size before relaxing)
 .debug_str     0x000e5110      0x164 ./Drivers/STM32G4xx_HAL_Driver/Src/stm32g4xx_hal_gpio.o
                              0xe2503 (size before relaxing)
 .debug_str     0x000e5274      0x4a5 ./Drivers/STM32G4xx_HAL_Driver/Src/stm32g4xx_hal_pwr_ex.o
                              0xe2866 (size before relaxing)
 .debug_str     0x000e5719      0x506 ./Drivers/STM32G4xx_HAL_Driver/Src/stm32g4xx_hal_rcc.o
                              0xe2a97 (size before relaxing)
 .debug_str     0x000e5c1f      0x41c ./Drivers/STM32G4xx_HAL_Driver/Src/stm32g4xx_hal_rcc_ex.o
                              0xe2ac1 (size before relaxing)

.comment        0x00000000       0x43
 .comment       0x00000000       0x43 ./Core/Src/adc.o
                                 0x44 (size before relaxing)
 .comment       0x00000043       0x44 ./Core/Src/can.o
 .comment       0x00000043       0x44 ./Core/Src/delay.o
 .comment       0x00000043       0x44 ./Core/Src/main.o
 .comment       0x00000043       0x44 ./Core/Src/stm32g4xx_hal_msp.o
 .comment       0x00000043       0x44 ./Core/Src/stm32g4xx_it.o
 .comment       0x00000043       0x44 ./Core/Src/system_stm32g4xx.o
 .comment       0x00000043       0x44 ./Core/Src/timer.o
 .comment       0x00000043       0x44 ./Drivers/STM32G4xx_HAL_Driver/Src/stm32g4xx_hal.o
 .comment       0x00000043       0x44 ./Drivers/STM32G4xx_HAL_Driver/Src/stm32g4xx_hal_cortex.o
 .comment       0x00000043       0x44 ./Drivers/STM32G4xx_HAL_Driver/Src/stm32g4xx_hal_fdcan.o
 .comment       0x00000043       0x44 ./Drivers/STM32G4xx_HAL_Driver/Src/stm32g4xx_hal_gpio.o
 .comment       0x00000043       0x44 ./Drivers/STM32G4xx_HAL_Driver/Src/stm32g4xx_hal_pwr_ex.o
 .comment       0x00000043       0x44 ./Drivers/STM32G4xx_HAL_Driver/Src/stm32g4xx_hal_rcc.o
 .comment       0x00000043       0x44 ./Drivers/STM32G4xx_HAL_Driver/Src/stm32g4xx_hal_rcc_ex.o

.debug_frame    0x00000000     0x23a4
 .debug_frame   0x00000000       0x4c ./Core/Src/adc.o
 .debug_frame   0x0000004c       0x70 ./Core/Src/can.o
 .debug_frame   0x000000bc       0x58 ./Core/Src/delay.o
 .debug_frame   0x00000114       0x8c ./Core/Src/main.o
 .debug_frame   0x000001a0       0x80 ./Core/Src/stm32g4xx_hal_msp.o
 .debug_frame   0x00000220      0x104 ./Core/Src/stm32g4xx_it.o
 .debug_frame   0x00000324       0x58 ./Core/Src/system_stm32g4xx.o
 .debug_frame   0x0000037c      0x114 ./Core/Src/timer.o
 .debug_frame   0x00000490      0x500 ./Drivers/STM32G4xx_HAL_Driver/Src/stm32g4xx_hal.o
 .debug_frame   0x00000990      0x4e8 ./Drivers/STM32G4xx_HAL_Driver/Src/stm32g4xx_hal_cortex.o
 .debug_frame   0x00000e78      0x9b0 ./Drivers/STM32G4xx_HAL_Driver/Src/stm32g4xx_hal_fdcan.o
 .debug_frame   0x00001828      0x14c ./Drivers/STM32G4xx_HAL_Driver/Src/stm32g4xx_hal_gpio.o
 .debug_frame   0x00001974      0x4fc ./Drivers/STM32G4xx_HAL_Driver/Src/stm32g4xx_hal_pwr_ex.o
 .debug_frame   0x00001e70      0x23c ./Drivers/STM32G4xx_HAL_Driver/Src/stm32g4xx_hal_rcc.o
 .debug_frame   0x000020ac      0x2ac ./Drivers/STM32G4xx_HAL_Driver/Src/stm32g4xx_hal_rcc_ex.o
 .debug_frame   0x00002358       0x20 C:/ST/STM32CubeIDE_1.16.1/STM32CubeIDE/plugins/com.st.stm32cube.ide.mcu.externaltools.gnu-tools-for-stm32.12.3.rel1.win32_1.0.200.202406191623/tools/bin/../lib/gcc/arm-none-eabi/12.3.1/../../../../arm-none-eabi/lib/thumb/v7e-m+fp/hard\libc_nano.a(libc_a-memset.o)
 .debug_frame   0x00002378       0x2c C:/ST/STM32CubeIDE_1.16.1/STM32CubeIDE/plugins/com.st.stm32cube.ide.mcu.externaltools.gnu-tools-for-stm32.12.3.rel1.win32_1.0.200.202406191623/tools/bin/../lib/gcc/arm-none-eabi/12.3.1/../../../../arm-none-eabi/lib/thumb/v7e-m+fp/hard\libc_nano.a(libc_a-init.o)

.debug_line_str
                0x00000000       0x5f
 .debug_line_str
                0x00000000       0x5f ./Core/Startup/startup_stm32g484retx.o
