../Core/Src/main.c:29:5:main	96	static
../Core/Src/main.c:93:6:Write_Time	88	static
../Core/Src/main.c:132:6:TIM2_IRQHandler	4	static
../Core/Src/main.c:149:6:setup_RNG	4	static
../Core/Src/main.c:156:6:set_TIM2	16	static,ignoring_inline_asm
../Core/Src/main.c:167:6:setup_TIM2	16	static,ignoring_inline_asm
../Core/Src/main.c:196:6:Button_Press	8	static
../Core/Src/main.c:203:6:Button_Config	4	static
../Core/Src/main.c:211:6:Led_Config	4	static
../Core/Src/main.c:224:6:SystemClock_Config	96	static
../Core/Src/main.c:264:6:Error_Handler	4	static,ignoring_inline_asm
